Diagnose log at 2026-08-05T12:05:34Z

AppPath: C:\Program Files\Git\mingw64\bin\git-credential-manager.exe
InstallDir: C:\Program Files\Git\mingw64\bin\
Version: 2.5.0+d34930736e131ad80e5690e5634ced1808aff3e2

------------
Diagnostic: Environment
Skipped: False
Success: True
Exception: None
Log:
OSType: Windows
OSVersion: 10.0 (build 26200)
Reading environment variables... OK
 Variables:
HOMEPATH=\Users\ADMIN
DriverData=C:\Windows\System32\Drivers\DriverData
COMPUTERNAME=DESKTOP-9IVG0M1
GIT_TRACE2_PARENT_SID=8011a9bb-81a7-4d5b-84b3-183598593e8e
CommonProgramFiles(x86)=C:\Program Files (x86)\Common Files
OneDrive=C:\Users\ADMIN\OneDrive
INTELLIJ_TERMINAL_COMMAND_BLOCKS_REWORKED=1
TMP=C:\Users\ADMIN\AppData\Local\Temp
PROCESSOR_REVISION=4401
PROCESSOR_ARCHITECTURE=x86
PATHEXT=.COM;.EXE;.BAT;.CMD;.VBS;.VBE;.JS;.JSE;.WSF;.WSH;.MSC;.CPL
TERMINAL_EMULATOR=JetBrains-JediTerm
USERDOMAIN_ROAMINGPROFILE=DESKTOP-9IVG0M1
TEMP=C:\Users\ADMIN\AppData\Local\Temp
LOCALAPPDATA=C:\Users\ADMIN\AppData\Local
MSYSTEM=MINGW64
TERM=xterm-256color
COLORTERM=truecolor
JAVA_HOME= C:\Program Files\Eclipse Adoptium\jdk-17.0.12
USERDOMAIN=DESKTOP-9IVG0M1
ProgramFiles(x86)=C:\Program Files (x86)
Path=C:/Program Files/Git/mingw64/libexec/git-core;C:\Program Files\Git\mingw64\bin;C:\Program Files\Git\usr\bin;C:\Users\ADMIN\bin;C:\Program Files\Common Files\Oracle\Java\javapath;C:\WINDOWS\system32;C:\WINDOWS;C:\WINDOWS\System32\Wbem;C:\WINDOWS\System32\WindowsPowerShell\v1.0\;C:\WINDOWS\System32\OpenSSH\;C:\Program Files\Git\cmd;C:\Program Files\nodejs\;C:\Program Files\Docker\Docker\resources\bin;C:\Program Files\MySQL\MySQL Shell 8.0\bin\;C:\Users\ADMIN\AppData\Local\Microsoft\WindowsApps;C:\src\flutter\bin;C:\Users\ADMIN\AppData\Roaming\npm;C:\Users\ADMIN\AppData\Local\Programs\Microsoft VS Code\bin;C:\Users\ADMIN\AppData\Local\Pub\Cache\bin
PROCESSOR_LEVEL=25
PROCESSOR_IDENTIFIER=AMD64 Family 25 Model 68 Stepping 1, AuthenticAMD
TMPDIR=C:\Users\ADMIN\AppData\Local\Temp
PROCESS_LAUNCHED_BY_CW=1
PSModulePath=C:\Users\ADMIN\OneDrive\Documents\WindowsPowerShell\Modules;C:\Program Files\WindowsPowerShell\Modules;C:\WINDOWS\system32\WindowsPowerShell\v1.0\Modules
PUBLIC=C:\Users\Public
NUMBER_OF_PROCESSORS=16
CommonProgramFiles=C:\Program Files (x86)\Common Files
USERPROFILE=C:\Users\ADMIN
PLINK_PROTOCOL=ssh
ProgramData=C:\ProgramData
MSYS=disable_pcon
ProgramFiles=C:\Program Files (x86)
ProgramW6432=C:\Program Files
HOME=C:\Users\ADMIN
LC_CTYPE=C.UTF-8
CommonProgramW6432=C:\Program Files\Common Files
LOGONSERVER=\\DESKTOP-9IVG0M1
FIG_TERM=1
GIT_EXEC_PATH=C:/Program Files/Git/mingw64/libexec/git-core
SystemRoot=C:\WINDOWS
APPDATA=C:\Users\ADMIN\AppData\Roaming
HOMEDRIVE=C:
TERM_SESSION_ID=3f1bbd12-c3c8-452e-843c-65a941e6c2eb
PROCESS_LAUNCHED_BY_Q=1
USERNAME=ADMIN
PROCESSOR_ARCHITEW6432=AMD64
PSExecutionPolicyPreference=Bypass
OS=Windows_NT
ComSpec=C:\WINDOWS\system32\cmd.exe
SystemDrive=C:
windir=C:\WINDOWS
OneDriveConsumer=C:\Users\ADMIN\OneDrive
ALLUSERSPROFILE=C:\ProgramData


------------
Diagnostic: File system
Skipped: False
Success: True
Exception: None
Log:
Temporary directory is 'C:\Users\ADMIN\AppData\Local\Temp\'...
Checking basic file I/O...
Writing to temporary file 'C:\Users\ADMIN\AppData\Local\Temp\76c44b39930f9e2eecc500e2'... OK
Reading from temporary file 'C:\Users\ADMIN\AppData\Local\Temp\76c44b39930f9e2eecc500e2'... OK
Deleting temporary file 'C:\Users\ADMIN\AppData\Local\Temp\76c44b39930f9e2eecc500e2'... OK
Testing IFileSystem instance...
UserHomePath: C:\Users\ADMIN
UserDataDirectoryPath: C:\Users\ADMIN\.gcm
GetCurrentDirectory(): D:\SchoolRewamp

------------
Diagnostic: Networking
Skipped: False
Success: True
Exception: None
Log:
Checking networking and HTTP stack...
Creating HTTP client... OK
IsNetworkAvailable: True
Sending HEAD request to http://example.com...Sending HEAD request to https://example.com... OK
 OK
Acquiring free TCP port... OK
Testing local HTTP loopback connections...
Creating new HTTP listener for http://localhost:63622/... OK
Waiting for loopback connection... OK
Writing response... OK
Waiting for response data... OK
Loopback connection data OK

------------
Diagnostic: Git
Skipped: False
Success: True
Exception: None
Log:
Getting Git version... OK
Git version is '2.45.1.windows.1'
Locating current repository...Git repository at 'D:/SchoolRewamp/.git'
 OK
Listing all Git configuration... OK
Git configuration:
file:C:/Program Files/Git/etc/gitconfig	diff.astextplain.textconv=astextplain
file:C:/Program Files/Git/etc/gitconfig	filter.lfs.clean=git-lfs clean -- %f
file:C:/Program Files/Git/etc/gitconfig	filter.lfs.smudge=git-lfs smudge -- %f
file:C:/Program Files/Git/etc/gitconfig	filter.lfs.process=git-lfs filter-process
file:C:/Program Files/Git/etc/gitconfig	filter.lfs.required=true
file:C:/Program Files/Git/etc/gitconfig	http.sslbackend=openssl
file:C:/Program Files/Git/etc/gitconfig	http.sslcainfo=C:/Program Files/Git/mingw64/etc/ssl/certs/ca-bundle.crt
file:C:/Program Files/Git/etc/gitconfig	core.autocrlf=true
file:C:/Program Files/Git/etc/gitconfig	core.fscache=true
file:C:/Program Files/Git/etc/gitconfig	core.symlinks=false
file:C:/Program Files/Git/etc/gitconfig	pull.rebase=false
file:C:/Program Files/Git/etc/gitconfig	credential.helper=manager
file:C:/Program Files/Git/etc/gitconfig	credential.https://dev.azure.com.usehttppath=true
file:C:/Program Files/Git/etc/gitconfig	init.defaultbranch=master
file:C:/Users/ADMIN/.gitconfig	user.email=murugan@savyasasy.com
file:C:/Users/ADMIN/.gitconfig	user.name=murugansavyasasy
file:.git/config	core.repositoryformatversion=0
file:.git/config	core.filemode=false
file:.git/config	core.bare=false
file:.git/config	core.logallrefupdates=true
file:.git/config	core.symlinks=false
file:.git/config	core.ignorecase=true
file:.git/config	submodule.active=.
file:.git/config	remote.origin.url=https://github.com/murugansavyasasy/SchoolRewamp.git
file:.git/config	remote.origin.fetch=+refs/heads/*:refs/remotes/origin/*
file:.git/config	branch.master.remote=origin
file:.git/config	branch.master.merge=refs/heads/master
file:.git/config	branch.Development.remote=origin
file:.git/config	branch.Development.merge=refs/heads/Development


------------
Diagnostic: Credential storage
Skipped: False
Success: True
Exception: None
Log:
ICredentialStore instance is of type: CredentialStore
Writing test credential... OK
Reading test credential... OK
Deleting test credential... OK

------------
Diagnostic: Microsoft authentication (AAD/MSA)
Skipped: False
Success: True
Exception: None
Log:
Broker is not enabled.
Flow type is: Auto
Gathering MSAL token cache data... OK
CacheDirectory: C:\Users\ADMIN\AppData\Local\.IdentityService
CacheFileName: msal.cache
CacheFilePath: C:\Users\ADMIN\AppData\Local\.IdentityService\msal.cache
Creating cache helper... OK
Verifying MSAL token cache persistence... OK

------------
Diagnostic: GitHub API
Skipped: False
Success: True
Exception: None
Log:
Using 'https://github.com/' as API target.
Querying '/meta' endpoint... OK

