#
# A fatal error has been detected by the Java Runtime Environment:
#
#  EXCEPTION_ACCESS_VIOLATION (0xc0000005) at pc=0x00007ffd50c3e3b9, pid=5448, tid=16448
#
# JRE version: OpenJDK Runtime Environment JBR-17.0.14+1-1367.22-nomod (17.0.14+1) (build 17.0.14+1-b1367.22)
# Java VM: OpenJDK 64-Bit Server VM JBR-17.0.14+1-1367.22-nomod (17.0.14+1-b1367.22, mixed mode, sharing, tiered, compressed oops, compressed class ptrs, g1 gc, windows-amd64)
# Problematic frame:
# V  [jvm.dll+0x30e3b9]  G1ParScanThreadState::trim_queue_to_threshold+0x3d9
#
# No core dump will be written. Minidumps are not enabled by default on client versions of Windows
#
# If you would like to submit a bug report, please visit:
#   https://youtrack.jetbrains.com/issues/JBR
#

---------------  S U M M A R Y ------------

Command Line: org.jetbrains.kotlin.cli.jvm.K2JVMCompiler @D:\Development\app\build\20250430_16246020562705625673.compiler.options

Host: Intel(R) Core(TM) i7-10610U CPU @ 1.80GHz, 8 cores, 15G,  Windows 11 , 64 bit Build 26100 (10.0.26100.3775)
Time: Wed Apr 30 10:10:30 2025 India Standard Time elapsed time: 7.924257 seconds (0d 0h 0m 7s)

---------------  T H R E A D  ---------------

Current thread (0x0000028f54305d10):  GCTaskThread "GC Thread#6" [stack: 0x000000f77c300000,0x000000f77c400000] [id=16448]

Stack: [0x000000f77c300000,0x000000f77c400000],  sp=0x000000f77c3ff590,  free space=1021k
Native frames: (J=compiled Java code, j=interpreted, Vv=VM code, C=native code)
V  [jvm.dll+0x30e3b9]  G1ParScanThreadState::trim_queue_to_threshold+0x3d9  (g1ParScanThreadState.cpp:296)
V  [jvm.dll+0x30b19e]  G1ParScanThreadState::trim_queue_partially+0x5e  (g1ParScanThreadState.inline.hpp:55)
V  [jvm.dll+0x3197c3]  G1ScanHRForRegionClosure::do_claimed_block+0xc3  (g1RemSet.cpp:817)
V  [jvm.dll+0x31b75e]  G1ScanHRForRegionClosure::scan_heap_roots+0x35e  (g1RemSet.cpp:853)
V  [jvm.dll+0x319ddd]  G1ScanHRForRegionClosure::do_heap_region+0x4d  (g1RemSet.cpp:899)
V  [jvm.dll+0x31b2fa]  G1RemSet::scan_heap_roots+0xda  (g1RemSet.cpp:917)
V  [jvm.dll+0x2e4f43]  G1EvacuateRegionsTask::scan_roots+0x53  (g1CollectedHeap.cpp:3687)
V  [jvm.dll+0x2e69cb]  G1EvacuateRegionsBaseTask::work+0x9b  (g1CollectedHeap.cpp:3673)
V  [jvm.dll+0x87356b]  GangWorker::loop+0x5b  (workgroup.cpp:260)
V  [jvm.dll+0x8735b6]  GangWorker::run+0x16  (workgroup.cpp:227)
V  [jvm.dll+0x7f3a1c]  Thread::call_run+0x8c  (thread.cpp:405)
V  [jvm.dll+0x68a7c7]  thread_native_entry+0x77  (os_windows.cpp:551)
C  [ucrtbase.dll+0x37b0]
C  [KERNEL32.DLL+0x2e8d7]
C  [ntdll.dll+0xb14fc]


siginfo: EXCEPTION_ACCESS_VIOLATION (0xc0000005), reading address 0x0000000002000000


Registers:
RAX=0x0000000000000000, RBX=0x000000070ef0baed, RCX=0x0000000000000015, RDX=0x0000000000000000
RSP=0x000000f77c3ff590, RBP=0x00000000000005e2, RSI=0x000000070ef0baec, RDI=0x0000028f55a8dec0
R8 =0x000000070ef0bad0, R9 =0x0000000000000010, R10=0x0000000002000000, R11=0x0000000000000001
R12=0x000000f77c3ff7f0, R13=0x0000028f6e9cf040, R14=0x0000000000000040, R15=0x0000000000000000
RIP=0x00007ffd50c3e3b9, EFLAGS=0x0000000000010246


Register to memory mapping:

RIP=0x00007ffd50c3e3b9 jvm.dll::G1ParScanThreadState::trim_queue_to_threshold + 0x3d9
RAX=0x0 is NULL
RBX=0x000000070ef0baed is pointing into object: [Ljava.lang.Object; 
{0x000000070ef0bad0} - klass: 'java/lang/Object'[]
 - length: 10
RCX=0x0000000000000015 is an unknown value
RDX=0x0 is NULL
RSP=0x000000f77c3ff590 points into unknown readable memory: 0x0000000710820000 | 00 00 82 10 07 00 00 00
RBP=0x00000000000005e2 is an unknown value
RSI=0x000000070ef0baec is pointing into object: [Ljava.lang.Object; 
{0x000000070ef0bad0} - klass: 'java/lang/Object'[]
 - length: 10
RDI=0x0000028f55a8dec0 points into unknown readable memory: 0x00007ffd5129be38 | 38 be 29 51 fd 7f 00 00
R8 =0x000000070ef0bad0 is an oop: [Ljava.lang.Object; 
{0x000000070ef0bad0} - klass: 'java/lang/Object'[]
 - length: 10
R9 =0x0000000000000010 is an unknown value
R10=0x0000000002000000 is an unknown value
R11=0x0000000000000001 is an unknown value
R12=0x000000f77c3ff7f0 points into unknown readable memory: 0x00007ffd5129cef0 | f0 ce 29 51 fd 7f 00 00
R13=0x0000028f6e9cf040 points into unknown readable memory: 0x00000000000007cf | cf 07 00 00 00 00 00 00
R14=0x0000000000000040 is an unknown value
R15=0x0 is NULL


Top of Stack: (sp=0x000000f77c3ff590)
0x000000f77c3ff590:   0000000710820000 0000000000000001
0x000000f77c3ff5a0:   0000000000000008 0000000000000001
0x000000f77c3ff5b0:   0000028f73418000 000000000000000a
0x000000f77c3ff5c0:   0000000000000280 000000f77c3ff7f0
0x000000f77c3ff5d0:   0000000709204600 00007ffd50c3b19e
0x000000f77c3ff5e0:   000000f77c3ff690 0000028f55a8dec0
0x000000f77c3ff5f0:   0000028f73418000 000000000000000a
0x000000f77c3ff600:   0000000004a7dcab 000000042fbf2b08
0x000000f77c3ff610:   000000f77c3ff7f0 0000000709204600
0x000000f77c3ff620:   0000000709205a10 00007ffd50c497c3
0x000000f77c3ff630:   0000000709204600 000000f77c3ff650
0x000000f77c3ff640:   000000f77c3ff660 0000028f6ea20110
0x000000f77c3ff650:   0000000709204600 0000000000000280
0x000000f77c3ff660:   00007ffd5129cd08 0000000000000000
0x000000f77c3ff670:   0000028f6e9c7960 0000028f55a8dec0
0x000000f77c3ff680:   0000028f73418040 00007ffd50c4b75e
0x000000f77c3ff690:   0000000000018023 0000028f7341802e
0x000000f77c3ff6a0:   000000000000002d 000000000000000a
0x000000f77c3ff6b0:   0000028f7edc3840 00000000000003d8
0x000000f77c3ff6c0:   0000028f7edc3990 0000028f7edc3c28
0x000000f77c3ff6d0:   0000000000000000 0000000000000000
0x000000f77c3ff6e0:   00000004e7000000 0000000000000000
0x000000f77c3ff6f0:   000000f77c3ff770 00007ffd50c32e82
0x000000f77c3ff700:   000000f77c3ff848 0000000000000002
0x000000f77c3ff710:   0000000000000012 0000028f6e9cf280
0x000000f77c3ff720:   000000000000000f 0000028f6ea67b80
0x000000f77c3ff730:   0000028f6e9cf040 000000f77c3ff859
0x000000f77c3ff740:   000000f77c3ff7f0 00007ffd50c49ddd
0x000000f77c3ff750:   000000f700000018 0000028f7f8cc5e0
0x000000f77c3ff760:   0000000000018000 0000000000000018
0x000000f77c3ff770:   0000028f55a8dec0 0000000004a7dbca
0x000000f77c3ff780:   000000042fbe609a 000000f77c3ff848 

Instructions: (pc=0x00007ffd50c3e3b9)
0x00007ffd50c3e2b9:   ff 48 8d 53 fe 48 8b cf e8 5a f4 ff ff e9 35 fd
0x00007ffd50c3e2c9:   ff ff 0f 1f 44 00 00 48 8b 77 10 8b ae 80 00 00
0x00007ffd50c3e2d9:   00 8b cd 8b 86 00 01 00 00 2b c8 81 e1 ff ff 01
0x00007ffd50c3e2e9:   00 41 3b ce 0f 86 e9 02 00 00 ff cd 81 e5 ff ff
0x00007ffd50c3e2f9:   01 00 89 ae 80 00 00 00 e8 9a e6 36 00 90 8b d5
0x00007ffd50c3e309:   8b 86 00 01 00 00 8b cd 48 8b 9e 80 01 00 00 2b
0x00007ffd50c3e319:   c8 81 e1 ff ff 01 00 81 f9 ff ff 01 00 48 8b 1c
0x00007ffd50c3e329:   eb 41 0f 44 cf 85 c9 75 3d 90 89 6c 24 50 48 8b
0x00007ffd50c3e339:   86 00 01 00 00 48 8b c8 48 c1 e9 20 ff c1 89 4c
0x00007ffd50c3e349:   24 54 3b e8 0f 85 77 02 00 00 48 c1 e1 20 48 0b
0x00007ffd50c3e359:   ca f0 48 0f b1 8e 00 01 00 00 0f 85 61 02 00 00
0x00007ffd50c3e369:   8b 86 00 01 00 00 f6 c3 01 0f 84 2f 01 00 00 8b
0x00007ffd50c3e379:   0d 7a 2f 82 00 48 8d 73 ff 48 8b 47 08 44 8b 16
0x00007ffd50c3e389:   49 d3 e2 4c 03 15 5d 2f 82 00 8b 88 b0 05 00 00
0x00007ffd50c3e399:   49 8b d2 48 8b 80 a0 05 00 00 48 d3 ea 0f b7 14
0x00007ffd50c3e3a9:   50 0f b7 c2 66 c1 e8 08 84 c0 0f 88 17 ff ff ff
0x00007ffd50c3e3b9:   4d 8b 02 41 0f b6 c0 24 03 3c 03 75 1e 44 38 3d
0x00007ffd50c3e3c9:   45 f6 88 00 74 0f 41 0f b6 c0 24 07 3c 05 75 05
0x00007ffd50c3e3d9:   4d 8b c7 eb 17 49 83 e0 fc eb 11 4d 8b c8 48 8b
0x00007ffd50c3e3e9:   cf 4d 8b c2 e8 1e ef ff ff 4c 8b c0 8b 0d fd 2e
0x00007ffd50c3e3f9:   82 00 49 8b d0 48 2b 15 eb 2e 82 00 48 d3 ea 89
0x00007ffd50c3e409:   16 49 8b d0 8b 0d 7d fe 88 00 48 33 d6 48 d3 ea
0x00007ffd50c3e419:   48 85 d2 0f 84 ae fe ff ff 48 8b 47 08 48 8b d6
0x00007ffd50c3e429:   8b 88 c0 01 00 00 48 8b 80 b0 01 00 00 48 d3 ea
0x00007ffd50c3e439:   48 8b 0c d0 8b 81 98 00 00 00 d1 e8 a8 01 0f 85
0x00007ffd50c3e449:   83 fe ff ff 48 8b 47 08 8b 88 b0 05 00 00 48 8b
0x00007ffd50c3e459:   80 a0 05 00 00 49 d3 e8 46 38 3c 40 0f 84 65 fe
0x00007ffd50c3e469:   ff ff 48 8b 47 60 48 c1 ee 09 48 8b 58 40 48 8b
0x00007ffd50c3e479:   48 38 48 03 de 48 2b d9 48 39 9f b0 01 00 00 0f
0x00007ffd50c3e489:   84 42 fe ff ff 48 8d 14 0b 48 8d 4f 18 e8 d5 40
0x00007ffd50c3e499:   00 00 48 89 9f b0 01 00 00 e9 29 fe ff ff f6 c3
0x00007ffd50c3e4a9:   03 0f 85 09 01 00 00 48 8b 47 08 4c 8b 13 49 8b 


Stack slot to memory mapping:
stack at sp + 0 slots: 0x0000000710820000 is pointing into object: [Ljava.util.HashMap$Node; 
{0x000000071081ffc0} - klass: 'java/util/HashMap$Node'[]
 - length: 16
stack at sp + 1 slots: 0x0000000000000001 is an unknown value
stack at sp + 2 slots: 0x0000000000000008 is an unknown value
stack at sp + 3 slots: 0x0000000000000001 is an unknown value
stack at sp + 4 slots: 0x0000028f73418000 points into unknown readable memory: 0xffffffffffffffff | ff ff ff ff ff ff ff ff
stack at sp + 5 slots: 0x000000000000000a is an unknown value
stack at sp + 6 slots: 0x0000000000000280 is an unknown value
stack at sp + 7 slots: 0x000000f77c3ff7f0 points into unknown readable memory: 0x00007ffd5129cef0 | f0 ce 29 51 fd 7f 00 00


---------------  P R O C E S S  ---------------

Threads class SMR info:
_java_thread_list=0x0000028f55ac7f10, length=14, elements={
0x0000028f6e9b3ae0, 0x0000028f7ecf40b0, 0x0000028f7ecf79a0, 0x0000028f7ed04a90,
0x0000028f7ed07460, 0x0000028f7ed07e20, 0x0000028f7ed09390, 0x0000028f7ed0e8e0,
0x0000028f7ed1a8c0, 0x0000028f7ed1ba60, 0x0000028f7ee51cc0, 0x0000028f7ee5a6b0,
0x0000028f7eeb37d0, 0x0000028f559f0470
}

Java Threads: ( => current thread )
  0x0000028f6e9b3ae0 JavaThread "main" [_thread_blocked, id=1200, stack(0x000000f77aa00000,0x000000f77ab00000)]
  0x0000028f7ecf40b0 JavaThread "Reference Handler" daemon [_thread_blocked, id=17876, stack(0x000000f77b100000,0x000000f77b200000)]
  0x0000028f7ecf79a0 JavaThread "Finalizer" daemon [_thread_blocked, id=18420, stack(0x000000f77b200000,0x000000f77b300000)]
  0x0000028f7ed04a90 JavaThread "Signal Dispatcher" daemon [_thread_blocked, id=17940, stack(0x000000f77b300000,0x000000f77b400000)]
  0x0000028f7ed07460 JavaThread "Attach Listener" daemon [_thread_blocked, id=16968, stack(0x000000f77b400000,0x000000f77b500000)]
  0x0000028f7ed07e20 JavaThread "Service Thread" daemon [_thread_blocked, id=4688, stack(0x000000f77b500000,0x000000f77b600000)]
  0x0000028f7ed09390 JavaThread "Monitor Deflation Thread" daemon [_thread_blocked, id=13960, stack(0x000000f77b600000,0x000000f77b700000)]
  0x0000028f7ed0e8e0 JavaThread "C2 CompilerThread0" daemon [_thread_blocked, id=11824, stack(0x000000f77b700000,0x000000f77b800000)]
  0x0000028f7ed1a8c0 JavaThread "C1 CompilerThread0" daemon [_thread_blocked, id=7992, stack(0x000000f77b800000,0x000000f77b900000)]
  0x0000028f7ed1ba60 JavaThread "Sweeper thread" daemon [_thread_blocked, id=4424, stack(0x000000f77b900000,0x000000f77ba00000)]
  0x0000028f7ee51cc0 JavaThread "Notification Thread" daemon [_thread_blocked, id=15416, stack(0x000000f77ba00000,0x000000f77bb00000)]
  0x0000028f7ee5a6b0 JavaThread "Common-Cleaner" daemon [_thread_blocked, id=13136, stack(0x000000f77bc00000,0x000000f77bd00000)]
  0x0000028f7eeb37d0 JavaThread "C2 CompilerThread1" daemon [_thread_blocked, id=17344, stack(0x000000f77bd00000,0x000000f77be00000)]
  0x0000028f559f0470 JavaThread "C2 CompilerThread2" daemon [_thread_blocked, id=17024, stack(0x000000f77c600000,0x000000f77c700000)]

Other Threads:
  0x0000028f7ebb5fa0 VMThread "VM Thread" [stack: 0x000000f77b000000,0x000000f77b100000] [id=11332]
  0x0000028f7ee543f0 WatcherThread [stack: 0x000000f77bb00000,0x000000f77bc00000] [id=12972]
  0x0000028f6ea1fab0 GCTaskThread "GC Thread#0" [stack: 0x000000f77ab00000,0x000000f77ac00000] [id=17844]
  0x0000028f7f0e2d10 GCTaskThread "GC Thread#1" [stack: 0x000000f77be00000,0x000000f77bf00000] [id=8640]
  0x0000028f7f420040 GCTaskThread "GC Thread#2" [stack: 0x000000f77bf00000,0x000000f77c000000] [id=10908]
  0x0000028f7f420300 GCTaskThread "GC Thread#3" [stack: 0x000000f77c000000,0x000000f77c100000] [id=17576]
  0x0000028f7f4205c0 GCTaskThread "GC Thread#4" [stack: 0x000000f77c100000,0x000000f77c200000] [id=11908]
  0x0000028f7f45ecf0 GCTaskThread "GC Thread#5" [stack: 0x000000f77c200000,0x000000f77c300000] [id=5396]
=>0x0000028f54305d10 GCTaskThread "GC Thread#6" [stack: 0x000000f77c300000,0x000000f77c400000] [id=16448]
  0x0000028f5420d3b0 GCTaskThread "GC Thread#7" [stack: 0x000000f77c400000,0x000000f77c500000] [id=17164]
  0x0000028f6ea31540 ConcurrentGCThread "G1 Main Marker" [stack: 0x000000f77ac00000,0x000000f77ad00000] [id=7700]
  0x0000028f6ea34990 ConcurrentGCThread "G1 Conc#0" [stack: 0x000000f77ad00000,0x000000f77ae00000] [id=1332]
  0x0000028f7f75f3f0 ConcurrentGCThread "G1 Conc#1" [stack: 0x000000f77c500000,0x000000f77c600000] [id=764]
  0x0000028f7ea5e140 ConcurrentGCThread "G1 Refine#0" [stack: 0x000000f77ae00000,0x000000f77af00000] [id=5416]
  0x0000028f559b9830 ConcurrentGCThread "G1 Refine#1" [stack: 0x000000f77c700000,0x000000f77c800000] [id=2784]
  0x0000028f56e39c70 ConcurrentGCThread "G1 Refine#2" [stack: 0x000000f77c800000,0x000000f77c900000] [id=14408]
  0x0000028f56e3a830 ConcurrentGCThread "G1 Refine#3" [stack: 0x000000f77c900000,0x000000f77ca00000] [id=16872]
  0x0000028f56e3c880 ConcurrentGCThread "G1 Refine#4" [stack: 0x000000f77ca00000,0x000000f77cb00000] [id=16976]
  0x0000028f7ea5e820 ConcurrentGCThread "G1 Service" [stack: 0x000000f77af00000,0x000000f77b000000] [id=15452]

Threads with active compile tasks:
C2 CompilerThread0     7970 9738       4       org.jetbrains.kotlin.types.TypeSubstitutor::substitute (55 bytes)
C2 CompilerThread1     7971 9675       4       org.jetbrains.kotlin.utils.SmartSet::add (216 bytes)
C2 CompilerThread2     7971 9683       4       org.jetbrains.kotlin.types.TypeSubstitutor::substituteTypeArguments (208 bytes)

VM state: at safepoint (normal execution)

VM Mutex/Monitor currently owned by a thread:  ([mutex/lock_event])
[0x0000028f6e9b0440] Threads_lock - owner thread: 0x0000028f7ebb5fa0
[0x0000028f6e9af480] Heap_lock - owner thread: 0x0000028f6e9b3ae0

Heap address: 0x0000000706200000, size: 3998 MB, Compressed Oops mode: Zero based, Oop shift amount: 3

CDS archive(s) mapped at: [0x0000028f0f000000-0x0000028f0fc00000-0x0000028f0fc00000), size 12582912, SharedBaseAddress: 0x0000028f0f000000, ArchiveRelocationMode: 1.
Compressed class space mapped at: 0x0000028f10000000-0x0000028f50000000, reserved size: 1073741824
Narrow klass base: 0x0000028f0f000000, Narrow klass shift: 0, Narrow klass range: 0x100000000

GC Precious Log:
 CPUs: 8 total, 8 available
 Memory: 15984M
 Large Page Support: Disabled
 NUMA Support: Disabled
 Compressed Oops: Enabled (Zero based)
 Heap Region Size: 2M
 Heap Min Capacity: 8M
 Heap Initial Capacity: 250M
 Heap Max Capacity: 3998M
 Pre-touch: Disabled
 Parallel Workers: 8
 Concurrent Workers: 2
 Concurrent Refinement Workers: 8
 Periodic GC: Disabled

Heap:
 garbage-first heap   total 200704K, used 149280K [0x0000000706200000, 0x0000000800000000)
  region size 2048K, 30 young (61440K), 4 survivors (8192K)
 Metaspace       used 53104K, committed 53376K, reserved 1114112K
  class space    used 6248K, committed 6400K, reserved 1048576K

Heap Regions: E=young(eden), S=young(survivor), O=old, HS=humongous(starts), HC=humongous(continues), CS=collection set, F=free, OA=open archive, CA=closed archive, TAMS=top-at-mark-start (previous, next)
|   0|0x0000000706200000, 0x0000000706400000, 0x0000000706400000|100%|HS|  |TAMS 0x0000000706400000, 0x0000000706200000| Complete 
|   1|0x0000000706400000, 0x0000000706600000, 0x0000000706600000|100%|HC|  |TAMS 0x0000000706600000, 0x0000000706400000| Complete 
|   2|0x0000000706600000, 0x0000000706800000, 0x0000000706800000|100%| O|  |TAMS 0x0000000706800000, 0x0000000706600000| Untracked 
|   3|0x0000000706800000, 0x0000000706a00000, 0x0000000706a00000|100%| O|  |TAMS 0x0000000706a00000, 0x0000000706800000| Untracked 
|   4|0x0000000706a00000, 0x0000000706c00000, 0x0000000706c00000|100%| O|  |TAMS 0x0000000706a00000, 0x0000000706a00000| Untracked 
|   5|0x0000000706c00000, 0x0000000706e00000, 0x0000000706e00000|100%| O|  |TAMS 0x0000000706e00000, 0x0000000706c00000| Untracked 
|   6|0x0000000706e00000, 0x0000000707000000, 0x0000000707000000|100%| O|  |TAMS 0x0000000707000000, 0x0000000706e00000| Untracked 
|   7|0x0000000707000000, 0x0000000707200000, 0x0000000707200000|100%| O|  |TAMS 0x0000000707200000, 0x0000000707000000| Untracked 
|   8|0x0000000707200000, 0x0000000707400000, 0x0000000707400000|100%| O|  |TAMS 0x0000000707400000, 0x0000000707200000| Untracked 
|   9|0x0000000707400000, 0x0000000707600000, 0x0000000707600000|100%| O|  |TAMS 0x0000000707600000, 0x0000000707400000| Untracked 
|  10|0x0000000707600000, 0x0000000707800000, 0x0000000707800000|100%| O|  |TAMS 0x0000000707800000, 0x0000000707600000| Untracked 
|  11|0x0000000707800000, 0x0000000707a00000, 0x0000000707a00000|100%| O|  |TAMS 0x0000000707a00000, 0x0000000707800000| Untracked 
|  12|0x0000000707a00000, 0x0000000707c00000, 0x0000000707c00000|100%|HS|  |TAMS 0x0000000707c00000, 0x0000000707a00000| Complete 
|  13|0x0000000707c00000, 0x0000000707e00000, 0x0000000707e00000|100%| O|  |TAMS 0x0000000707e00000, 0x0000000707c00000| Untracked 
|  14|0x0000000707e00000, 0x0000000708000000, 0x0000000708000000|100%| O|  |TAMS 0x0000000708000000, 0x0000000707e00000| Untracked 
|  15|0x0000000708000000, 0x0000000708200000, 0x0000000708200000|100%| O|  |TAMS 0x0000000708200000, 0x0000000708000000| Untracked 
|  16|0x0000000708200000, 0x0000000708400000, 0x0000000708400000|100%| O|  |TAMS 0x0000000708400000, 0x0000000708200000| Untracked 
|  17|0x0000000708400000, 0x0000000708600000, 0x0000000708600000|100%| O|  |TAMS 0x00000007085f7c00, 0x0000000708400000| Untracked 
|  18|0x0000000708600000, 0x0000000708800000, 0x0000000708800000|100%| O|  |TAMS 0x0000000708600000, 0x0000000708600000| Untracked 
|  19|0x0000000708800000, 0x0000000708a00000, 0x0000000708a00000|100%| O|  |TAMS 0x0000000708800000, 0x0000000708800000| Untracked 
|  20|0x0000000708a00000, 0x0000000708c00000, 0x0000000708c00000|100%| O|  |TAMS 0x0000000708a00000, 0x0000000708a00000| Untracked 
|  21|0x0000000708c00000, 0x0000000708e00000, 0x0000000708e00000|100%| O|  |TAMS 0x0000000708c00000, 0x0000000708c00000| Untracked 
|  22|0x0000000708e00000, 0x0000000709000000, 0x0000000709000000|100%|HS|  |TAMS 0x0000000708e00000, 0x0000000708e00000| Complete 
|  23|0x0000000709000000, 0x0000000709200000, 0x0000000709200000|100%| O|  |TAMS 0x0000000709000000, 0x0000000709000000| Untracked 
|  24|0x0000000709200000, 0x0000000709400000, 0x0000000709400000|100%| O|  |TAMS 0x0000000709200000, 0x0000000709200000| Untracked 
|  25|0x0000000709400000, 0x0000000709600000, 0x0000000709600000|100%| O|  |TAMS 0x0000000709400000, 0x0000000709400000| Untracked 
|  26|0x0000000709600000, 0x0000000709800000, 0x0000000709800000|100%| O|  |TAMS 0x0000000709600000, 0x0000000709600000| Untracked 
|  27|0x0000000709800000, 0x0000000709a00000, 0x0000000709a00000|100%| O|  |TAMS 0x0000000709800000, 0x0000000709800000| Untracked 
|  28|0x0000000709a00000, 0x0000000709c00000, 0x0000000709c00000|100%| O|  |TAMS 0x0000000709a00000, 0x0000000709a00000| Untracked 
|  29|0x0000000709c00000, 0x0000000709e00000, 0x0000000709e00000|100%| O|  |TAMS 0x0000000709c00000, 0x0000000709c00000| Untracked 
|  30|0x0000000709e00000, 0x000000070a000000, 0x000000070a000000|100%| O|  |TAMS 0x0000000709e00000, 0x0000000709e00000| Untracked 
|  31|0x000000070a000000, 0x000000070a200000, 0x000000070a200000|100%| O|  |TAMS 0x000000070a000000, 0x000000070a000000| Untracked 
|  32|0x000000070a200000, 0x000000070a400000, 0x000000070a400000|100%| O|  |TAMS 0x000000070a200000, 0x000000070a200000| Untracked 
|  33|0x000000070a400000, 0x000000070a600000, 0x000000070a600000|100%| O|  |TAMS 0x000000070a400000, 0x000000070a400000| Untracked 
|  34|0x000000070a600000, 0x000000070a800000, 0x000000070a800000|100%| O|  |TAMS 0x000000070a600000, 0x000000070a600000| Untracked 
|  35|0x000000070a800000, 0x000000070aa00000, 0x000000070aa00000|100%| O|  |TAMS 0x000000070a800000, 0x000000070a800000| Untracked 
|  36|0x000000070aa00000, 0x000000070ac00000, 0x000000070ac00000|100%| O|  |TAMS 0x000000070aa00000, 0x000000070aa00000| Untracked 
|  37|0x000000070ac00000, 0x000000070ae00000, 0x000000070ae00000|100%| O|  |TAMS 0x000000070ac00000, 0x000000070ac00000| Untracked 
|  38|0x000000070ae00000, 0x000000070b000000, 0x000000070b000000|100%| O|  |TAMS 0x000000070ae00000, 0x000000070ae00000| Untracked 
|  39|0x000000070b000000, 0x000000070b200000, 0x000000070b200000|100%| O|  |TAMS 0x000000070b000000, 0x000000070b000000| Untracked 
|  40|0x000000070b200000, 0x000000070b400000, 0x000000070b400000|100%| O|  |TAMS 0x000000070b200000, 0x000000070b200000| Untracked 
|  41|0x000000070b400000, 0x000000070b600000, 0x000000070b600000|100%| O|  |TAMS 0x000000070b400000, 0x000000070b400000| Untracked 
|  42|0x000000070b600000, 0x000000070b800000, 0x000000070b800000|100%| O|  |TAMS 0x000000070b600000, 0x000000070b600000| Untracked 
|  43|0x000000070b800000, 0x000000070ba00000, 0x000000070ba00000|100%| O|  |TAMS 0x000000070b800000, 0x000000070b800000| Untracked 
|  44|0x000000070ba00000, 0x000000070bc00000, 0x000000070bc00000|100%| O|  |TAMS 0x000000070ba00000, 0x000000070ba00000| Untracked 
|  45|0x000000070bc00000, 0x000000070be00000, 0x000000070be00000|100%| O|  |TAMS 0x000000070bc00000, 0x000000070bc00000| Untracked 
|  46|0x000000070be00000, 0x000000070c000000, 0x000000070c000000|100%| O|  |TAMS 0x000000070be00000, 0x000000070be00000| Untracked 
|  47|0x000000070c000000, 0x000000070c1ae488, 0x000000070c200000| 84%| O|  |TAMS 0x000000070c000000, 0x000000070c000000| Untracked 
|  48|0x000000070c200000, 0x000000070c200000, 0x000000070c400000|  0%| F|  |TAMS 0x000000070c200000, 0x000000070c200000| Untracked 
|  49|0x000000070c400000, 0x000000070c400000, 0x000000070c600000|  0%| F|  |TAMS 0x000000070c400000, 0x000000070c400000| Untracked 
|  50|0x000000070c600000, 0x000000070c600000, 0x000000070c800000|  0%| F|  |TAMS 0x000000070c600000, 0x000000070c600000| Untracked 
|  51|0x000000070c800000, 0x000000070c800000, 0x000000070ca00000|  0%| F|  |TAMS 0x000000070c800000, 0x000000070c800000| Untracked 
|  52|0x000000070ca00000, 0x000000070ca00000, 0x000000070cc00000|  0%| F|  |TAMS 0x000000070ca00000, 0x000000070ca00000| Untracked 
|  53|0x000000070cc00000, 0x000000070cc00000, 0x000000070ce00000|  0%| F|  |TAMS 0x000000070cc00000, 0x000000070cc00000| Untracked 
|  54|0x000000070ce00000, 0x000000070ce00000, 0x000000070d000000|  0%| F|  |TAMS 0x000000070ce00000, 0x000000070ce00000| Untracked 
|  55|0x000000070d000000, 0x000000070d000000, 0x000000070d200000|  0%| F|  |TAMS 0x000000070d000000, 0x000000070d000000| Untracked 
|  56|0x000000070d200000, 0x000000070d200000, 0x000000070d400000|  0%| F|  |TAMS 0x000000070d200000, 0x000000070d200000| Untracked 
|  57|0x000000070d400000, 0x000000070d400000, 0x000000070d600000|  0%| F|  |TAMS 0x000000070d400000, 0x000000070d400000| Untracked 
|  58|0x000000070d600000, 0x000000070d600000, 0x000000070d800000|  0%| F|  |TAMS 0x000000070d600000, 0x000000070d600000| Untracked 
|  59|0x000000070d800000, 0x000000070d800000, 0x000000070da00000|  0%| F|  |TAMS 0x000000070d800000, 0x000000070d800000| Untracked 
|  60|0x000000070da00000, 0x000000070da00000, 0x000000070dc00000|  0%| F|  |TAMS 0x000000070da00000, 0x000000070da00000| Untracked 
|  61|0x000000070dc00000, 0x000000070dc00000, 0x000000070de00000|  0%| F|  |TAMS 0x000000070dc00000, 0x000000070dc00000| Untracked 
|  62|0x000000070de00000, 0x000000070de00000, 0x000000070e000000|  0%| F|  |TAMS 0x000000070de00000, 0x000000070de00000| Untracked 
|  63|0x000000070e000000, 0x000000070e200000, 0x000000070e200000|100%| E|CS|TAMS 0x000000070e000000, 0x000000070e000000| Complete 
|  64|0x000000070e200000, 0x000000070e400000, 0x000000070e400000|100%| E|CS|TAMS 0x000000070e200000, 0x000000070e200000| Complete 
|  65|0x000000070e400000, 0x000000070e600000, 0x000000070e600000|100%| E|CS|TAMS 0x000000070e400000, 0x000000070e400000| Complete 
|  66|0x000000070e600000, 0x000000070e800000, 0x000000070e800000|100%| E|CS|TAMS 0x000000070e600000, 0x000000070e600000| Complete 
|  67|0x000000070e800000, 0x000000070ea00000, 0x000000070ea00000|100%| E|CS|TAMS 0x000000070e800000, 0x000000070e800000| Complete 
|  68|0x000000070ea00000, 0x000000070ec00000, 0x000000070ec00000|100%| S|  |TAMS 0x000000070ea00000, 0x000000070ea00000| Complete 
|  69|0x000000070ec00000, 0x000000070ee00000, 0x000000070ee00000|100%| S|  |TAMS 0x000000070ec00000, 0x000000070ec00000| Complete 
|  70|0x000000070ee00000, 0x000000070f000000, 0x000000070f000000|100%| S|  |TAMS 0x000000070ee00000, 0x000000070ee00000| Complete 
|  71|0x000000070f000000, 0x000000070f200000, 0x000000070f200000|100%| S|  |TAMS 0x000000070f000000, 0x000000070f000000| Complete 
|  72|0x000000070f200000, 0x000000070f400000, 0x000000070f400000|100%| E|CS|TAMS 0x000000070f200000, 0x000000070f200000| Complete 
|  73|0x000000070f400000, 0x000000070f600000, 0x000000070f600000|100%| E|CS|TAMS 0x000000070f400000, 0x000000070f400000| Complete 
|  74|0x000000070f600000, 0x000000070f800000, 0x000000070f800000|100%| E|CS|TAMS 0x000000070f600000, 0x000000070f600000| Complete 
|  75|0x000000070f800000, 0x000000070fa00000, 0x000000070fa00000|100%| E|CS|TAMS 0x000000070f800000, 0x000000070f800000| Complete 
|  76|0x000000070fa00000, 0x000000070fc00000, 0x000000070fc00000|100%| E|CS|TAMS 0x000000070fa00000, 0x000000070fa00000| Complete 
|  77|0x000000070fc00000, 0x000000070fe00000, 0x000000070fe00000|100%| E|CS|TAMS 0x000000070fc00000, 0x000000070fc00000| Complete 
|  78|0x000000070fe00000, 0x0000000710000000, 0x0000000710000000|100%| E|CS|TAMS 0x000000070fe00000, 0x000000070fe00000| Complete 
|  79|0x0000000710000000, 0x0000000710200000, 0x0000000710200000|100%| E|CS|TAMS 0x0000000710000000, 0x0000000710000000| Complete 
|  80|0x0000000710200000, 0x0000000710400000, 0x0000000710400000|100%| E|CS|TAMS 0x0000000710200000, 0x0000000710200000| Complete 
|  81|0x0000000710400000, 0x0000000710600000, 0x0000000710600000|100%| E|CS|TAMS 0x0000000710400000, 0x0000000710400000| Complete 
|  82|0x0000000710600000, 0x0000000710800000, 0x0000000710800000|100%| E|CS|TAMS 0x0000000710600000, 0x0000000710600000| Complete 
|  83|0x0000000710800000, 0x0000000710a00000, 0x0000000710a00000|100%| E|CS|TAMS 0x0000000710800000, 0x0000000710800000| Complete 
|  84|0x0000000710a00000, 0x0000000710c00000, 0x0000000710c00000|100%| E|CS|TAMS 0x0000000710a00000, 0x0000000710a00000| Complete 
|  85|0x0000000710c00000, 0x0000000710e00000, 0x0000000710e00000|100%| E|CS|TAMS 0x0000000710c00000, 0x0000000710c00000| Complete 
|  86|0x0000000710e00000, 0x0000000711000000, 0x0000000711000000|100%| E|CS|TAMS 0x0000000710e00000, 0x0000000710e00000| Complete 
|  87|0x0000000711000000, 0x0000000711200000, 0x0000000711200000|100%| E|CS|TAMS 0x0000000711000000, 0x0000000711000000| Complete 
|  88|0x0000000711200000, 0x0000000711400000, 0x0000000711400000|100%| E|CS|TAMS 0x0000000711200000, 0x0000000711200000| Complete 
|  89|0x0000000711400000, 0x0000000711600000, 0x0000000711600000|100%| E|CS|TAMS 0x0000000711400000, 0x0000000711400000| Complete 
|  90|0x0000000711600000, 0x0000000711800000, 0x0000000711800000|100%| E|CS|TAMS 0x0000000711600000, 0x0000000711600000| Complete 
|  91|0x0000000711800000, 0x0000000711a00000, 0x0000000711a00000|100%| E|CS|TAMS 0x0000000711800000, 0x0000000711800000| Complete 
|  92|0x0000000711a00000, 0x0000000711c00000, 0x0000000711c00000|100%| E|CS|TAMS 0x0000000711a00000, 0x0000000711a00000| Complete 
|  93|0x0000000711c00000, 0x0000000711e00000, 0x0000000711e00000|100%| E|CS|TAMS 0x0000000711c00000, 0x0000000711c00000| Complete 
| 105|0x0000000713400000, 0x0000000713600000, 0x0000000713600000|100%| E|CS|TAMS 0x0000000713400000, 0x0000000713400000| Complete 
| 106|0x0000000713600000, 0x0000000713800000, 0x0000000713800000|100%| E|CS|TAMS 0x0000000713600000, 0x0000000713600000| Complete 
| 107|0x0000000713800000, 0x0000000713a00000, 0x0000000713a00000|100%| E|CS|TAMS 0x0000000713800000, 0x0000000713800000| Complete 
| 124|0x0000000715a00000, 0x0000000715c00000, 0x0000000715c00000|100%| E|CS|TAMS 0x0000000715a00000, 0x0000000715a00000| Complete 

Card table byte_map: [0x0000028f73400000,0x0000028f73bd0000] _byte_map_base: 0x0000028f6fbcf000

Marking Bits (Prev, Next): (CMBitMap*) 0x0000028f6ea20110, (CMBitMap*) 0x0000028f6ea200d0
 Prev Bits: [0x0000028f78220000, 0x0000028f7c098000)
 Next Bits: [0x0000028f743a0000, 0x0000028f78218000)

Polling page: 0x0000028f6d300000

Metaspace:

Usage:
  Non-class:     45.76 MB used.
      Class:      6.10 MB used.
       Both:     51.86 MB used.

Virtual space:
  Non-class space:       64.00 MB reserved,      45.88 MB ( 72%) committed,  1 nodes.
      Class space:        1.00 GB reserved,       6.25 MB ( <1%) committed,  1 nodes.
             Both:        1.06 GB reserved,      52.12 MB (  5%) committed. 

Chunk freelists:
   Non-Class:  912.00 KB
       Class:  9.80 MB
        Both:  10.69 MB

MaxMetaspaceSize: unlimited
CompressedClassSpaceSize: 1.00 GB
Initial GC threshold: 21.00 MB
Current GC threshold: 73.12 MB
CDS: on
MetaspaceReclaimPolicy: balanced
 - commit_granule_bytes: 65536.
 - commit_granule_words: 8192.
 - virtual_space_node_default_size: 8388608.
 - enlarge_chunks_in_place: 1.
 - new_chunks_are_fully_committed: 0.
 - uncommit_free_chunks: 1.
 - use_allocation_guard: 0.
 - handle_deallocations: 1.


Internal statistics:

num_allocs_failed_limit: 6.
num_arena_births: 282.
num_arena_deaths: 0.
num_vsnodes_births: 2.
num_vsnodes_deaths: 0.
num_space_committed: 832.
num_space_uncommitted: 0.
num_chunks_returned_to_freelist: 6.
num_chunks_taken_from_freelist: 2236.
num_chunk_merges: 6.
num_chunk_splits: 1761.
num_chunks_enlarged: 1518.
num_inconsistent_stats: 0.

CodeHeap 'non-profiled nmethods': size=120000Kb used=5251Kb max_used=5251Kb free=114748Kb
 bounds [0x0000028f07ad0000, 0x0000028f08000000, 0x0000028f0f000000]
CodeHeap 'profiled nmethods': size=120000Kb used=21826Kb max_used=21826Kb free=98173Kb
 bounds [0x0000028f00000000, 0x0000028f01560000, 0x0000028f07530000]
CodeHeap 'non-nmethods': size=5760Kb used=1338Kb max_used=1431Kb free=4421Kb
 bounds [0x0000028f07530000, 0x0000028f077a0000, 0x0000028f07ad0000]
 total_blobs=8815 nmethods=8210 adapters=513
 compilation: enabled
              stopped_count=0, restarted_count=0
 full_count=0

Compilation events (20 events):
Event: 7.770 Thread 0x0000028f7ed1a8c0 9853       2       org.jetbrains.kotlin.resolve.scopes.DescriptorKindFilter::equals (81 bytes)
Event: 7.771 Thread 0x0000028f7ed1a8c0 nmethod 9853 0x0000028f0154cb90 code [0x0000028f0154cda0, 0x0000028f0154d328]
Event: 7.771 Thread 0x0000028f7ed1a8c0 9854       2       kotlin.collections.EmptyList::equals (25 bytes)
Event: 7.771 Thread 0x0000028f7ed1a8c0 nmethod 9854 0x0000028f0154d610 code [0x0000028f0154d7c0, 0x0000028f0154d9c8]
Event: 7.777 Thread 0x0000028f7ed1a8c0 9855       2       org.jetbrains.kotlin.types.TypeSubstitution$replaceWithNonApproximating$1::get (15 bytes)
Event: 7.777 Thread 0x0000028f7ed1a8c0 nmethod 9855 0x0000028f0154da90 code [0x0000028f0154dc80, 0x0000028f0154df68]
Event: 7.784 Thread 0x0000028f7ed1a8c0 9856       2       org.jetbrains.kotlin.descriptors.impl.AbstractTypeParameterDescriptor$TypeParameterTypeConstructor::computeSupertypes (16 bytes)
Event: 7.784 Thread 0x0000028f7ed1a8c0 nmethod 9856 0x0000028f0154e190 code [0x0000028f0154e340, 0x0000028f0154e498]
Event: 7.784 Thread 0x0000028f7ed1a8c0 9857       2       org.jetbrains.kotlin.descriptors.impl.AbstractTypeParameterDescriptor$TypeParameterTypeConstructor::getSupertypeLoopChecker (13 bytes)
Event: 7.784 Thread 0x0000028f7ed1a8c0 nmethod 9857 0x0000028f0154e590 code [0x0000028f0154e720, 0x0000028f0154e868]
Event: 7.790 Thread 0x0000028f7ed1a8c0 9858       2       org.jetbrains.kotlin.descriptors.SupertypeLoopChecker$EMPTY::findLoopsInSupertypesAndDisconnect (27 bytes)
Event: 7.791 Thread 0x0000028f7ed1a8c0 nmethod 9858 0x0000028f0154e910 code [0x0000028f0154ebc0, 0x0000028f0154f358]
Event: 7.795 Thread 0x0000028f7ed1a8c0 9860       2       org.jetbrains.kotlin.descriptors.impl.PropertyGetterDescriptorImpl::getOverriddenDescriptors (15 bytes)
Event: 7.795 Thread 0x0000028f7ed1a8c0 nmethod 9860 0x0000028f0154f890 code [0x0000028f0154fa40, 0x0000028f0154fb98]
Event: 7.796 Thread 0x0000028f7ed1a8c0 9861       2       org.jetbrains.kotlin.types.DefinitelyNotNullType$Companion::makeDefinitelyNotNull$default (26 bytes)
Event: 7.796 Thread 0x0000028f7ed1a8c0 nmethod 9861 0x0000028f0154fc90 code [0x0000028f0154fe20, 0x0000028f0154ff48]
Event: 7.796 Thread 0x0000028f7ed1a8c0 9862       2       org.jetbrains.kotlin.types.DefinitelyNotNullType$Companion::makeDefinitelyNotNull (141 bytes)
Event: 7.797 Thread 0x0000028f7ed1a8c0 nmethod 9862 0x0000028f01550010 code [0x0000028f01550260, 0x0000028f01550938]
Event: 7.797 Thread 0x0000028f7ed1a8c0 9863       2       org.jetbrains.kotlin.types.SpecialTypesKt::makeIntersectionTypeDefinitelyNotNullOrNotNull (45 bytes)
Event: 7.797 Thread 0x0000028f7ed1a8c0 nmethod 9863 0x0000028f01550d10 code [0x0000028f01550ee0, 0x0000028f01551148]

GC Heap History (20 events):
Event: 1.728 GC heap after
{Heap after GC invocations=7 (full 0):
 garbage-first heap   total 43008K, used 21500K [0x0000000706200000, 0x0000000800000000)
  region size 2048K, 1 young (2048K), 1 survivors (2048K)
 Metaspace       used 24197K, committed 24384K, reserved 1114112K
  class space    used 3363K, committed 3456K, reserved 1048576K
}
Event: 1.822 GC heap before
{Heap before GC invocations=7 (full 0):
 garbage-first heap   total 43008K, used 29692K [0x0000000706200000, 0x0000000800000000)
  region size 2048K, 5 young (10240K), 1 survivors (2048K)
 Metaspace       used 26619K, committed 26816K, reserved 1114112K
  class space    used 3630K, committed 3712K, reserved 1048576K
}
Event: 1.825 GC heap after
{Heap after GC invocations=8 (full 0):
 garbage-first heap   total 43008K, used 22374K [0x0000000706200000, 0x0000000800000000)
  region size 2048K, 1 young (2048K), 1 survivors (2048K)
 Metaspace       used 26619K, committed 26816K, reserved 1114112K
  class space    used 3630K, committed 3712K, reserved 1048576K
}
Event: 1.888 GC heap before
{Heap before GC invocations=9 (full 0):
 garbage-first heap   total 45056K, used 26470K [0x0000000706200000, 0x0000000800000000)
  region size 2048K, 4 young (8192K), 1 survivors (2048K)
 Metaspace       used 27328K, committed 27520K, reserved 1114112K
  class space    used 3716K, committed 3776K, reserved 1048576K
}
Event: 1.892 GC heap after
{Heap after GC invocations=10 (full 0):
 garbage-first heap   total 151552K, used 20944K [0x0000000706200000, 0x0000000800000000)
  region size 2048K, 1 young (2048K), 1 survivors (2048K)
 Metaspace       used 27328K, committed 27520K, reserved 1114112K
  class space    used 3716K, committed 3776K, reserved 1048576K
}
Event: 2.903 GC heap before
{Heap before GC invocations=10 (full 0):
 garbage-first heap   total 151552K, used 96720K [0x0000000706200000, 0x0000000800000000)
  region size 2048K, 38 young (77824K), 1 survivors (2048K)
 Metaspace       used 38031K, committed 38336K, reserved 1114112K
  class space    used 4777K, committed 4928K, reserved 1048576K
}
Event: 2.919 GC heap after
{Heap after GC invocations=11 (full 0):
 garbage-first heap   total 151552K, used 34443K [0x0000000706200000, 0x0000000800000000)
  region size 2048K, 5 young (10240K), 5 survivors (10240K)
 Metaspace       used 38031K, committed 38336K, reserved 1114112K
  class space    used 4777K, committed 4928K, reserved 1048576K
}
Event: 3.724 GC heap before
{Heap before GC invocations=11 (full 0):
 garbage-first heap   total 151552K, used 104075K [0x0000000706200000, 0x0000000800000000)
  region size 2048K, 38 young (77824K), 5 survivors (10240K)
 Metaspace       used 44368K, committed 44608K, reserved 1114112K
  class space    used 5454K, committed 5568K, reserved 1048576K
}
Event: 3.740 GC heap after
{Heap after GC invocations=12 (full 0):
 garbage-first heap   total 151552K, used 44555K [0x0000000706200000, 0x0000000800000000)
  region size 2048K, 4 young (8192K), 4 survivors (8192K)
 Metaspace       used 44368K, committed 44608K, reserved 1114112K
  class space    used 5454K, committed 5568K, reserved 1048576K
}
Event: 3.854 GC heap before
{Heap before GC invocations=12 (full 0):
 garbage-first heap   total 151552K, used 48651K [0x0000000706200000, 0x0000000800000000)
  region size 2048K, 7 young (14336K), 4 survivors (8192K)
 Metaspace       used 44594K, committed 44800K, reserved 1114112K
  class space    used 5468K, committed 5568K, reserved 1048576K
}
Event: 3.868 GC heap after
{Heap after GC invocations=13 (full 0):
 garbage-first heap   total 151552K, used 46027K [0x0000000706200000, 0x0000000800000000)
  region size 2048K, 1 young (2048K), 1 survivors (2048K)
 Metaspace       used 44594K, committed 44800K, reserved 1114112K
  class space    used 5468K, committed 5568K, reserved 1048576K
}
Event: 5.090 GC heap before
{Heap before GC invocations=14 (full 0):
 garbage-first heap   total 151552K, used 111563K [0x0000000706200000, 0x0000000800000000)
  region size 2048K, 32 young (65536K), 1 survivors (2048K)
 Metaspace       used 49646K, committed 49920K, reserved 1114112K
  class space    used 5961K, committed 6080K, reserved 1048576K
}
Event: 5.112 GC heap after
{Heap after GC invocations=15 (full 0):
 garbage-first heap   total 151552K, used 62862K [0x0000000706200000, 0x0000000800000000)
  region size 2048K, 4 young (8192K), 4 survivors (8192K)
 Metaspace       used 49646K, committed 49920K, reserved 1114112K
  class space    used 5961K, committed 6080K, reserved 1048576K
}
Event: 5.156 GC heap before
{Heap before GC invocations=15 (full 0):
 garbage-first heap   total 151552K, used 64910K [0x0000000706200000, 0x0000000800000000)
  region size 2048K, 5 young (10240K), 4 survivors (8192K)
 Metaspace       used 49712K, committed 49984K, reserved 1114112K
  class space    used 5964K, committed 6080K, reserved 1048576K
}
Event: 5.171 GC heap after
{Heap after GC invocations=16 (full 0):
 garbage-first heap   total 200704K, used 64262K [0x0000000706200000, 0x0000000800000000)
  region size 2048K, 1 young (2048K), 1 survivors (2048K)
 Metaspace       used 49712K, committed 49984K, reserved 1114112K
  class space    used 5964K, committed 6080K, reserved 1048576K
}
Event: 6.521 GC heap before
{Heap before GC invocations=16 (full 0):
 garbage-first heap   total 200704K, used 144134K [0x0000000706200000, 0x0000000800000000)
  region size 2048K, 40 young (81920K), 1 survivors (2048K)
 Metaspace       used 52245K, committed 52544K, reserved 1114112K
  class space    used 6215K, committed 6336K, reserved 1048576K
}
Event: 6.541 GC heap after
{Heap after GC invocations=17 (full 0):
 garbage-first heap   total 200704K, used 82843K [0x0000000706200000, 0x0000000800000000)
  region size 2048K, 5 young (10240K), 5 survivors (10240K)
 Metaspace       used 52245K, committed 52544K, reserved 1114112K
  class space    used 6215K, committed 6336K, reserved 1048576K
}
Event: 7.353 GC heap before
{Heap before GC invocations=17 (full 0):
 garbage-first heap   total 200704K, used 144283K [0x0000000706200000, 0x0000000800000000)
  region size 2048K, 35 young (71680K), 5 survivors (10240K)
 Metaspace       used 52976K, committed 53248K, reserved 1114112K
  class space    used 6240K, committed 6400K, reserved 1048576K
}
Event: 7.379 GC heap after
{Heap after GC invocations=18 (full 0):
 garbage-first heap   total 200704K, used 96032K [0x0000000706200000, 0x0000000800000000)
  region size 2048K, 5 young (10240K), 5 survivors (10240K)
 Metaspace       used 52976K, committed 53248K, reserved 1114112K
  class space    used 6240K, committed 6400K, reserved 1048576K
}
Event: 7.804 GC heap before
{Heap before GC invocations=18 (full 0):
 garbage-first heap   total 200704K, used 149280K [0x0000000706200000, 0x0000000800000000)
  region size 2048K, 31 young (63488K), 5 survivors (10240K)
 Metaspace       used 53104K, committed 53376K, reserved 1114112K
  class space    used 6248K, committed 6400K, reserved 1048576K
}

Dll operation events (3 events):
Event: 0.006 Loaded shared library C:\Users\admin\.jdks\jbr-17.0.14\bin\java.dll
Event: 0.021 Loaded shared library C:\Users\admin\.jdks\jbr-17.0.14\bin\jsvml.dll
Event: 1.138 Loaded shared library C:\Users\admin\.jdks\jbr-17.0.14\bin\verify.dll

Deoptimization events (20 events):
Event: 7.493 Thread 0x0000028f6e9b3ae0 DEOPT PACKING pc=0x0000028f07fc1530 sp=0x000000f77aafd6e0
Event: 7.493 Thread 0x0000028f6e9b3ae0 DEOPT UNPACKING pc=0x0000028f075869a3 sp=0x000000f77aafd6b8 mode 2
Event: 7.493 Thread 0x0000028f6e9b3ae0 Uncommon trap: trap_request=0xffffffde fr.pc=0x0000028f07fc1530 relative=0x00000000000056f0
Event: 7.493 Thread 0x0000028f6e9b3ae0 Uncommon trap: reason=class_check action=maybe_recompile pc=0x0000028f07fc1530 method=org.jetbrains.kotlin.types.TypeSubstitutor.substitute(Lorg/jetbrains/kotlin/types/TypeProjection;)Lorg/jetbrains/kotlin/types/TypeProjection; @ 42 c2
Event: 7.493 Thread 0x0000028f6e9b3ae0 DEOPT PACKING pc=0x0000028f07fc1530 sp=0x000000f77aafd6e0
Event: 7.493 Thread 0x0000028f6e9b3ae0 DEOPT UNPACKING pc=0x0000028f075869a3 sp=0x000000f77aafd6b8 mode 2
Event: 7.669 Thread 0x0000028f6e9b3ae0 Uncommon trap: trap_request=0xffffff45 fr.pc=0x0000028f07eceed4 relative=0x0000000000000e74
Event: 7.669 Thread 0x0000028f6e9b3ae0 Uncommon trap: reason=unstable_if action=reinterpret pc=0x0000028f07eceed4 method=org.jetbrains.kotlin.util.Checks.isApplicable(Lorg/jetbrains/kotlin/descriptors/FunctionDescriptor;)Z @ 26 c2
Event: 7.669 Thread 0x0000028f6e9b3ae0 DEOPT PACKING pc=0x0000028f07eceed4 sp=0x000000f77aafcec0
Event: 7.669 Thread 0x0000028f6e9b3ae0 DEOPT UNPACKING pc=0x0000028f075869a3 sp=0x000000f77aafce68 mode 2
Event: 7.669 Thread 0x0000028f6e9b3ae0 Uncommon trap: trap_request=0xffffff45 fr.pc=0x0000028f07e843d8 relative=0x0000000000000138
Event: 7.669 Thread 0x0000028f6e9b3ae0 Uncommon trap: reason=unstable_if action=reinterpret pc=0x0000028f07e843d8 method=org.jetbrains.kotlin.util.AbstractModifierChecks.check(Lorg/jetbrains/kotlin/descriptors/FunctionDescriptor;)Lorg/jetbrains/kotlin/util/CheckResult; @ 40 c2
Event: 7.669 Thread 0x0000028f6e9b3ae0 DEOPT PACKING pc=0x0000028f07e843d8 sp=0x000000f77aafcf10
Event: 7.669 Thread 0x0000028f6e9b3ae0 DEOPT UNPACKING pc=0x0000028f075869a3 sp=0x000000f77aafcea0 mode 2
Event: 7.750 Thread 0x0000028f6e9b3ae0 DEOPT PACKING pc=0x0000028f0152e926 sp=0x000000f77aafd190
Event: 7.750 Thread 0x0000028f6e9b3ae0 DEOPT UNPACKING pc=0x0000028f07587143 sp=0x000000f77aafc680 mode 0
Event: 7.754 Thread 0x0000028f6e9b3ae0 Uncommon trap: trap_request=0xffffff45 fr.pc=0x0000028f07f115d0 relative=0x0000000000000210
Event: 7.754 Thread 0x0000028f6e9b3ae0 Uncommon trap: reason=unstable_if action=reinterpret pc=0x0000028f07f115d0 method=java.util.HashMap.getNode(Ljava/lang/Object;)Ljava/util/HashMap$Node; @ 66 c2
Event: 7.754 Thread 0x0000028f6e9b3ae0 DEOPT PACKING pc=0x0000028f07f115d0 sp=0x000000f77aafd340
Event: 7.754 Thread 0x0000028f6e9b3ae0 DEOPT UNPACKING pc=0x0000028f075869a3 sp=0x000000f77aafd2b0 mode 2

Classes loaded (20 events):
Event: 3.060 Loading class java/util/AbstractList$ListItr
Event: 3.060 Loading class java/util/AbstractList$ListItr done
Event: 3.074 Loading class java/io/InvalidObjectException
Event: 3.074 Loading class java/io/InvalidObjectException done
Event: 3.100 Loading class java/util/stream/IntPipeline$1
Event: 3.100 Loading class java/util/stream/IntPipeline$1 done
Event: 3.101 Loading class java/util/stream/IntPipeline$1$1
Event: 3.101 Loading class java/util/stream/IntPipeline$1$1 done
Event: 3.203 Loading class java/util/AbstractList$SubList$1
Event: 3.203 Loading class java/util/AbstractList$SubList$1 done
Event: 3.230 Loading class java/text/StringCharacterIterator
Event: 3.230 Loading class java/text/CharacterIterator
Event: 3.231 Loading class java/text/CharacterIterator done
Event: 3.231 Loading class java/text/StringCharacterIterator done
Event: 3.638 Loading class java/util/ComparableTimSort
Event: 3.638 Loading class java/util/ComparableTimSort done
Event: 5.265 Loading class java/util/concurrent/locks/AbstractQueuedSynchronizer$Node
Event: 5.265 Loading class java/util/concurrent/locks/AbstractQueuedSynchronizer$Node done
Event: 5.479 Loading class java/util/RegularEnumSet$EnumSetIterator
Event: 5.479 Loading class java/util/RegularEnumSet$EnumSetIterator done

Classes unloaded (0 events):
No events

Classes redefined (0 events):
No events

Internal exceptions (20 events):
Event: 2.851 Thread 0x0000028f6e9b3ae0 Exception <a 'java/lang/NoSuchMethodError'{0x000000070ac1e4a8}: 'java.lang.Object java.lang.invoke.Invokers$Holder.linkToTargetMethod(java.lang.Object, java.lang.Object, int, java.lang.Object)'> (0x000000070ac1e4a8) 
thrown [s\src\hotspot\share\interpreter\linkResolver.cpp, line 771]
Event: 3.438 Thread 0x0000028f6e9b3ae0 Implicit null exception at 0x0000028f07d44840 to 0x0000028f07d44de4
Event: 3.438 Thread 0x0000028f6e9b3ae0 Implicit null exception at 0x0000028f07d4348f to 0x0000028f07d434cc
Event: 4.190 Thread 0x0000028f6e9b3ae0 Exception <a 'java/lang/NoSuchMethodError'{0x000000070e44a9a8}: 'java.lang.Object java.lang.invoke.DirectMethodHandle$Holder.newInvokeSpecial(java.lang.Object, java.lang.Object, java.lang.Object, java.lang.Object, java.lang.Object, java.lang.Object)'> (0x000000070e44a9a8) 
thrown [s\src\hotspot\share\interpreter\linkResolver.cpp, line 771]
Event: 4.246 Thread 0x0000028f6e9b3ae0 Implicit null exception at 0x0000028f07d47733 to 0x0000028f07d47ac4
Event: 4.269 Thread 0x0000028f6e9b3ae0 Implicit null exception at 0x0000028f07dd7955 to 0x0000028f07dd7b90
Event: 4.269 Thread 0x0000028f6e9b3ae0 Implicit null exception at 0x0000028f07c9f116 to 0x0000028f07c9f20c
Event: 4.324 Thread 0x0000028f6e9b3ae0 Implicit null exception at 0x0000028f07cca30f to 0x0000028f07cca580
Event: 4.474 Thread 0x0000028f6e9b3ae0 Exception <a 'java/lang/NoSuchMethodError'{0x000000070d3fbb28}: 'java.lang.Object java.lang.invoke.DirectMethodHandle$Holder.newInvokeSpecial(java.lang.Object, int, java.lang.Object)'> (0x000000070d3fbb28) 
thrown [s\src\hotspot\share\interpreter\linkResolver.cpp, line 771]
Event: 4.475 Thread 0x0000028f6e9b3ae0 Exception <a 'java/lang/NoSuchMethodError'{0x000000070d002140}: 'int java.lang.invoke.DirectMethodHandle$Holder.invokeInterface(java.lang.Object, java.lang.Object)'> (0x000000070d002140) 
thrown [s\src\hotspot\share\interpreter\linkResolver.cpp, line 771]
Event: 4.607 Thread 0x0000028f6e9b3ae0 Implicit null exception at 0x0000028f07b2438f to 0x0000028f07b2461c
Event: 5.059 Thread 0x0000028f6e9b3ae0 Exception <a 'java/lang/NoSuchMethodError'{0x000000070b693cf8}: 'java.lang.Object java.lang.invoke.DirectMethodHandle$Holder.invokeStaticInit(java.lang.Object, java.lang.Object, java.lang.Object)'> (0x000000070b693cf8) 
thrown [s\src\hotspot\share\interpreter\linkResolver.cpp, line 771]
Event: 5.148 Thread 0x0000028f6e9b3ae0 Exception <a 'java/lang/NoSuchMethodError'{0x0000000715b883b8}: 'java.lang.Object java.lang.invoke.DirectMethodHandle$Holder.newInvokeSpecial(java.lang.Object, java.lang.Object, java.lang.Object, java.lang.Object, java.lang.Object, java.lang.Object, java.lang.Object, java.lang.Object)'> (0x0000000715b883b8) 
thrown [s\src\hotspot\share\interpreter\linkResolver.cpp, line 771]
Event: 5.149 Thread 0x0000028f6e9b3ae0 Exception <a 'java/lang/NoSuchMethodError'{0x0000000715b8dc30}: 'java.lang.Object java.lang.invoke.DirectMethodHandle$Holder.invokeSpecial(java.lang.Object, java.lang.Object, java.lang.Object, java.lang.Object, java.lang.Object, java.lang.Object, java.lang.Object, java.lang.Object, java.lang.Object)'> (0x0000000715b8dc30) 
thrown [s\src\hotspot\share\interpreter\linkResolver.cpp, line 771]
Event: 5.149 Thread 0x0000028f6e9b3ae0 Exception <a 'java/lang/NoSuchMethodError'{0x0000000715b92b60}: 'java.lang.Object java.lang.invoke.Invokers$Holder.linkToTargetMethod(java.lang.Object, java.lang.Object, java.lang.Object, java.lang.Object, java.lang.Object, java.lang.Object, java.lang.Object, java.lang.Object)'> (0x0000000715b92b60) 
thrown [s\src\hotspot\share\interpreter\linkResolver.cpp, line 771]
Event: 5.452 Thread 0x0000028f6e9b3ae0 Exception <a 'java/lang/NoSuchMethodError'{0x00000007114ca208}: 'java.lang.Object java.lang.invoke.DirectMethodHandle$Holder.invokeStatic(java.lang.Object, java.lang.Object, java.lang.Object, java.lang.Object, int)'> (0x00000007114ca208) 
thrown [s\src\hotspot\share\interpreter\linkResolver.cpp, line 771]
Event: 5.453 Thread 0x0000028f6e9b3ae0 Exception <a 'java/lang/NoSuchMethodError'{0x00000007114d3c48}: 'java.lang.Object java.lang.invoke.DirectMethodHandle$Holder.newInvokeSpecial(java.lang.Object, java.lang.Object, java.lang.Object, java.lang.Object, int)'> (0x00000007114d3c48) 
thrown [s\src\hotspot\share\interpreter\linkResolver.cpp, line 771]
Event: 5.453 Thread 0x0000028f6e9b3ae0 Exception <a 'java/lang/NoSuchMethodError'{0x00000007114d84d0}: 'java.lang.Object java.lang.invoke.DirectMethodHandle$Holder.invokeSpecial(java.lang.Object, java.lang.Object, java.lang.Object, java.lang.Object, java.lang.Object, int)'> (0x00000007114d84d0) 
thrown [s\src\hotspot\share\interpreter\linkResolver.cpp, line 771]
Event: 5.453 Thread 0x0000028f6e9b3ae0 Exception <a 'java/lang/NoSuchMethodError'{0x00000007114dc708}: 'java.lang.Object java.lang.invoke.Invokers$Holder.linkToTargetMethod(java.lang.Object, java.lang.Object, java.lang.Object, int, java.lang.Object)'> (0x00000007114dc708) 
thrown [s\src\hotspot\share\interpreter\linkResolver.cpp, line 771]
Event: 5.477 Thread 0x0000028f6e9b3ae0 Exception <a 'java/lang/NoSuchMethodError'{0x0000000711205fd0}: 'java.lang.Object java.lang.invoke.DirectMethodHandle$Holder.invokeSpecial(java.lang.Object, java.lang.Object, java.lang.Object, java.lang.Object, java.lang.Object, java.lang.Object, int)'> (0x0000000711205fd0) 
thrown [s\src\hotspot\share\interpreter\linkResolver.cpp, line 771]

VM Operations (20 events):
Event: 7.053 Executing VM operation: ICBufferFull done
Event: 7.188 Executing VM operation: HandshakeAllThreads
Event: 7.188 Executing VM operation: HandshakeAllThreads done
Event: 7.193 Executing VM operation: ICBufferFull
Event: 7.193 Executing VM operation: ICBufferFull done
Event: 7.230 Executing VM operation: HandshakeAllThreads
Event: 7.230 Executing VM operation: HandshakeAllThreads done
Event: 7.282 Executing VM operation: ICBufferFull
Event: 7.282 Executing VM operation: ICBufferFull done
Event: 7.353 Executing VM operation: G1CollectForAllocation
Event: 7.379 Executing VM operation: G1CollectForAllocation done
Event: 7.471 Executing VM operation: HandshakeAllThreads
Event: 7.471 Executing VM operation: HandshakeAllThreads done
Event: 7.670 Executing VM operation: HandshakeAllThreads
Event: 7.670 Executing VM operation: HandshakeAllThreads done
Event: 7.675 Executing VM operation: ICBufferFull
Event: 7.675 Executing VM operation: ICBufferFull done
Event: 7.721 Executing VM operation: HandshakeAllThreads
Event: 7.721 Executing VM operation: HandshakeAllThreads done
Event: 7.804 Executing VM operation: G1CollectForAllocation

Memory protections (0 events):
No events

Nmethod flushes (20 events):
Event: 6.251 Thread 0x0000028f7ed1ba60 flushing  nmethod 0x0000028f00e29190
Event: 6.251 Thread 0x0000028f7ed1ba60 flushing  nmethod 0x0000028f00e2e490
Event: 6.251 Thread 0x0000028f7ed1ba60 flushing  nmethod 0x0000028f00f11810
Event: 6.252 Thread 0x0000028f7ed1ba60 flushing  nmethod 0x0000028f00f4cc90
Event: 6.252 Thread 0x0000028f7ed1ba60 flushing  nmethod 0x0000028f00f56290
Event: 6.252 Thread 0x0000028f7ed1ba60 flushing  nmethod 0x0000028f00fa6e90
Event: 6.252 Thread 0x0000028f7ed1ba60 flushing  nmethod 0x0000028f00fa7510
Event: 6.252 Thread 0x0000028f7ed1ba60 flushing  nmethod 0x0000028f00fb1990
Event: 6.252 Thread 0x0000028f7ed1ba60 flushing  nmethod 0x0000028f00fd4e10
Event: 6.252 Thread 0x0000028f7ed1ba60 flushing  nmethod 0x0000028f0114bf10
Event: 6.252 Thread 0x0000028f7ed1ba60 flushing  nmethod 0x0000028f01158710
Event: 6.252 Thread 0x0000028f7ed1ba60 flushing  nmethod 0x0000028f01158b10
Event: 6.253 Thread 0x0000028f7ed1ba60 flushing  nmethod 0x0000028f01254590
Event: 6.253 Thread 0x0000028f7ed1ba60 flushing  nmethod 0x0000028f01254d10
Event: 7.237 Thread 0x0000028f7ed1ba60 flushing  nmethod 0x0000028f0069db10
Event: 7.237 Thread 0x0000028f7ed1ba60 flushing  nmethod 0x0000028f00700910
Event: 7.237 Thread 0x0000028f7ed1ba60 flushing  nmethod 0x0000028f0078fe10
Event: 7.238 Thread 0x0000028f7ed1ba60 flushing  nmethod 0x0000028f00930790
Event: 7.239 Thread 0x0000028f7ed1ba60 flushing  nmethod 0x0000028f00a56a90
Event: 7.240 Thread 0x0000028f7ed1ba60 flushing  nmethod 0x0000028f00d31210

Events (20 events):
Event: 0.021 Thread 0x0000028f6e9b3ae0 Thread added: 0x0000028f6e9b3ae0
Event: 0.023 Thread 0x0000028f6e9b3ae0 Thread added: 0x0000028f7ecf40b0
Event: 0.023 Thread 0x0000028f6e9b3ae0 Thread added: 0x0000028f7ecf79a0
Event: 0.032 Thread 0x0000028f6e9b3ae0 Thread added: 0x0000028f7ed04a90
Event: 0.032 Thread 0x0000028f6e9b3ae0 Thread added: 0x0000028f7ed07460
Event: 0.032 Thread 0x0000028f6e9b3ae0 Thread added: 0x0000028f7ed07e20
Event: 0.032 Thread 0x0000028f6e9b3ae0 Thread added: 0x0000028f7ed09390
Event: 0.032 Thread 0x0000028f6e9b3ae0 Thread added: 0x0000028f7ed0e8e0
Event: 0.033 Thread 0x0000028f6e9b3ae0 Thread added: 0x0000028f7ed1a8c0
Event: 0.033 Thread 0x0000028f6e9b3ae0 Thread added: 0x0000028f7ed1ba60
Event: 0.049 Thread 0x0000028f6e9b3ae0 Thread added: 0x0000028f7ee51cc0
Event: 0.052 Thread 0x0000028f6e9b3ae0 Thread added: 0x0000028f7ee5a6b0
Event: 0.057 Loaded shared library C:\Users\admin\.jdks\jbr-17.0.14\bin\net.dll
Event: 0.060 Loaded shared library C:\Users\admin\.jdks\jbr-17.0.14\bin\nio.dll
Event: 0.078 Thread 0x0000028f7ed0e8e0 Thread added: 0x0000028f7eeb37d0
Event: 0.085 Loaded shared library C:\Users\admin\.jdks\jbr-17.0.14\bin\zip.dll
Event: 0.103 Loaded shared library C:\Users\admin\.jdks\jbr-17.0.14\bin\jimage.dll
Event: 1.398 Thread 0x0000028f7ed1a8c0 Thread added: 0x0000028f551f2930
Event: 1.809 Thread 0x0000028f551f2930 Thread exited: 0x0000028f551f2930
Event: 2.365 Thread 0x0000028f7ed1a8c0 Thread added: 0x0000028f559f0470


Dynamic libraries:
0x00007ff66d300000 - 0x00007ff66d30a000 	C:\Users\admin\.jdks\jbr-17.0.14\bin\java.exe
0x00007ffdeef80000 - 0x00007ffdef1e0000 	C:\WINDOWS\SYSTEM32\ntdll.dll
0x00007ffded1a0000 - 0x00007ffded267000 	C:\WINDOWS\System32\KERNEL32.DLL
0x00007ffdec7a0000 - 0x00007ffdecb6a000 	C:\WINDOWS\System32\KERNELBASE.dll
0x00007ffdec2d0000 - 0x00007ffdec41b000 	C:\WINDOWS\System32\ucrtbase.dll
0x00007ffd73030000 - 0x00007ffd7304b000 	C:\Users\admin\.jdks\jbr-17.0.14\bin\VCRUNTIME140.dll
0x00007ffd73360000 - 0x00007ffd73377000 	C:\Users\admin\.jdks\jbr-17.0.14\bin\jli.dll
0x00007ffdecf70000 - 0x00007ffded13c000 	C:\WINDOWS\System32\USER32.dll
0x00007ffdecb70000 - 0x00007ffdecb97000 	C:\WINDOWS\System32\win32u.dll
0x00007ffdd82c0000 - 0x00007ffdd8557000 	C:\WINDOWS\WinSxS\amd64_microsoft.windows.common-controls_6595b64144ccf1df_6.0.26100.3624_none_3e086962e3345f24\COMCTL32.dll
0x00007ffdedee0000 - 0x00007ffdedf0a000 	C:\WINDOWS\System32\GDI32.dll
0x00007ffded9e0000 - 0x00007ffdeda89000 	C:\WINDOWS\System32\msvcrt.dll
0x00007ffdecba0000 - 0x00007ffdeccd1000 	C:\WINDOWS\System32\gdi32full.dll
0x00007ffdec220000 - 0x00007ffdec2c3000 	C:\WINDOWS\System32\msvcp_win.dll
0x00007ffded980000 - 0x00007ffded9af000 	C:\WINDOWS\System32\IMM32.DLL
0x00007ffdc57f0000 - 0x00007ffdc57fc000 	C:\Users\admin\.jdks\jbr-17.0.14\bin\vcruntime140_1.dll
0x00007ffd55550000 - 0x00007ffd555dd000 	C:\Users\admin\.jdks\jbr-17.0.14\bin\msvcp140.dll
0x00007ffd50930000 - 0x00007ffd515be000 	C:\Users\admin\.jdks\jbr-17.0.14\bin\server\jvm.dll
0x00007ffdedc20000 - 0x00007ffdedcd2000 	C:\WINDOWS\System32\ADVAPI32.dll
0x00007ffdee130000 - 0x00007ffdee1d6000 	C:\WINDOWS\System32\sechost.dll
0x00007ffdee010000 - 0x00007ffdee126000 	C:\WINDOWS\System32\RPCRT4.dll
0x00007ffdedba0000 - 0x00007ffdedc14000 	C:\WINDOWS\System32\WS2_32.dll
0x00007ffdebdf0000 - 0x00007ffdebe4e000 	C:\WINDOWS\SYSTEM32\POWRPROF.dll
0x00007ffdd4780000 - 0x00007ffdd47b6000 	C:\WINDOWS\SYSTEM32\WINMM.dll
0x00007ffde3d80000 - 0x00007ffde3d8b000 	C:\WINDOWS\SYSTEM32\VERSION.dll
0x00007ffdebdd0000 - 0x00007ffdebde4000 	C:\WINDOWS\SYSTEM32\UMPDC.dll
0x00007ffdeaf30000 - 0x00007ffdeaf4a000 	C:\WINDOWS\SYSTEM32\kernel.appcore.dll
0x00007ffdc3ef0000 - 0x00007ffdc3efa000 	C:\Users\admin\.jdks\jbr-17.0.14\bin\jimage.dll
0x00007ffde9950000 - 0x00007ffde9b91000 	C:\WINDOWS\SYSTEM32\DBGHELP.DLL
0x00007ffded450000 - 0x00007ffded7d2000 	C:\WINDOWS\System32\combase.dll
0x00007ffded280000 - 0x00007ffded356000 	C:\WINDOWS\System32\OLEAUT32.dll
0x00007ffd7c0e0000 - 0x00007ffd7c119000 	C:\WINDOWS\SYSTEM32\dbgcore.DLL
0x00007ffdecce0000 - 0x00007ffdecd79000 	C:\WINDOWS\System32\bcryptPrimitives.dll
0x00007ffd72640000 - 0x00007ffd72665000 	C:\Users\admin\.jdks\jbr-17.0.14\bin\java.dll
0x00007ffd55470000 - 0x00007ffd55547000 	C:\Users\admin\.jdks\jbr-17.0.14\bin\jsvml.dll
0x00007ffdee810000 - 0x00007ffdeef39000 	C:\WINDOWS\System32\SHELL32.dll
0x00007ffdec420000 - 0x00007ffdec588000 	C:\WINDOWS\System32\wintypes.dll
0x00007ffde9dc0000 - 0x00007ffdea612000 	C:\WINDOWS\SYSTEM32\windows.storage.dll
0x00007ffded360000 - 0x00007ffded44d000 	C:\WINDOWS\System32\SHCORE.dll
0x00007ffdedce0000 - 0x00007ffdedd44000 	C:\WINDOWS\System32\shlwapi.dll
0x00007ffdec070000 - 0x00007ffdec09f000 	C:\WINDOWS\SYSTEM32\profapi.dll
0x00007ffd5f640000 - 0x00007ffd5f659000 	C:\Users\admin\.jdks\jbr-17.0.14\bin\net.dll
0x00007ffde4bd0000 - 0x00007ffde4ced000 	C:\WINDOWS\SYSTEM32\WINHTTP.dll
0x00007ffdeb430000 - 0x00007ffdeb49a000 	C:\WINDOWS\system32\mswsock.dll
0x00007ffd5f460000 - 0x00007ffd5f476000 	C:\Users\admin\.jdks\jbr-17.0.14\bin\nio.dll
0x00007ffd71cf0000 - 0x00007ffd71d08000 	C:\Users\admin\.jdks\jbr-17.0.14\bin\zip.dll
0x00007ffdc2110000 - 0x00007ffdc2120000 	C:\Users\admin\.jdks\jbr-17.0.14\bin\verify.dll

dbghelp: loaded successfully - version: 4.0.5 - missing functions: none
symbol engine: initialized successfully - sym options: 0x614 - pdb path: .;C:\Users\admin\.jdks\jbr-17.0.14\bin;C:\WINDOWS\SYSTEM32;C:\WINDOWS\WinSxS\amd64_microsoft.windows.common-controls_6595b64144ccf1df_6.0.26100.3624_none_3e086962e3345f24;C:\Users\admin\.jdks\jbr-17.0.14\bin\server

VM Arguments:
java_command: org.jetbrains.kotlin.cli.jvm.K2JVMCompiler @D:\Development\app\build\20250430_16246020562705625673.compiler.options
java_class_path (initial): C:\Users\admin\.gradle\caches\modules-2\files-2.1\org.jetbrains.kotlin\kotlin-compiler-embeddable\1.9.0\2c8c3a7402becca891f12739b3e9fd2dc2adbd7a\kotlin-compiler-embeddable-1.9.0.jar;C:\Users\admin\.gradle\caches\modules-2\files-2.1\org.jetbrains.kotlin\kotlin-stdlib\1.9.0\8ee15ef0c67dc83d874f412d84378d7f0eb50b63\kotlin-stdlib-1.9.0.jar;C:\Users\admin\.gradle\caches\modules-2\files-2.1\org.jetbrains.kotlin\kotlin-script-runtime\1.9.0\4b3102cbbb7e1b58d9d1adf89563f00069ffa7d1\kotlin-script-runtime-1.9.0.jar;C:\Users\admin\.gradle\caches\modules-2\files-2.1\org.jetbrains.kotlin\kotlin-reflect\1.6.10\1cbe9c92c12a94eea200d23c2bbaedaf3daf5132\kotlin-reflect-1.6.10.jar;C:\Users\admin\.gradle\caches\modules-2\files-2.1\org.jetbrains.kotlin\kotlin-daemon-embeddable\1.9.0\186543f5e28cf8d9a0290fecc2cf34301c40a65c\kotlin-daemon-embeddable-1.9.0.jar;C:\Users\admin\.gradle\caches\modules-2\files-2.1\org.jetbrains.intellij.deps\trove4j\1.0.20200330\3afb14d5f9ceb459d724e907a21145e8ff394f02\trove4j-1.0.20200330.jar;C:\Users\admin\.gradle\caches\modules-2\files-2.1\org.jetbrains.kotlin\kotlin-stdlib-common\1.9.0\cd65c21cfd1eec4d44ef09f9f52b6d9f8a720636\kotlin-stdlib-common-1.9.0.jar;C:\Users\admin\.gradle\caches\modules-2\files-2.1\org.jetbrains\annotations\13.0\919f0dfe192fb4e063e7dacadee7f8bb9a2672a9\annotations-13.0.jar
Launcher Type: SUN_STANDARD

[Global flags]
     intx CICompilerCount                          = 4                                         {product} {ergonomic}
     uint ConcGCThreads                            = 2                                         {product} {ergonomic}
     uint G1ConcRefinementThreads                  = 8                                         {product} {ergonomic}
   size_t G1HeapRegionSize                         = 2097152                                   {product} {ergonomic}
    uintx GCDrainStackTargetSize                   = 64                                        {product} {ergonomic}
   size_t InitialHeapSize                          = 262144000                                 {product} {ergonomic}
   size_t MarkStackSize                            = 4194304                                   {product} {ergonomic}
   size_t MaxHeapSize                              = 4192206848                                {product} {ergonomic}
   size_t MaxNewSize                               = 2514485248                                {product} {ergonomic}
   size_t MinHeapDeltaBytes                        = 2097152                                   {product} {ergonomic}
   size_t MinHeapSize                              = 8388608                                   {product} {ergonomic}
    uintx NonNMethodCodeHeapSize                   = 5839372                                {pd product} {ergonomic}
    uintx NonProfiledCodeHeapSize                  = 122909434                              {pd product} {ergonomic}
    uintx ProfiledCodeHeapSize                     = 122909434                              {pd product} {ergonomic}
    uintx ReservedCodeCacheSize                    = 251658240                              {pd product} {ergonomic}
     bool SegmentedCodeCache                       = true                                      {product} {ergonomic}
   size_t SoftMaxHeapSize                          = 4192206848                             {manageable} {ergonomic}
     bool UseCompressedClassPointers               = true                           {product lp64_product} {ergonomic}
     bool UseCompressedOops                        = true                           {product lp64_product} {ergonomic}
     bool UseG1GC                                  = true                                      {product} {ergonomic}
     bool UseLargePagesIndividualAllocation        = false                                  {pd product} {ergonomic}

Logging:
Log output configuration:
 #0: stdout all=warning uptime,level,tags
 #1: stderr all=off uptime,level,tags

Environment Variables:
PATH=C:\WINDOWS\system32;C:\WINDOWS;C:\WINDOWS\System32\Wbem;C:\WINDOWS\System32\WindowsPowerShell\v1.0\;C:\WINDOWS\System32\OpenSSH\;C:\Program Files\Git\cmd;C:\Users\admin\AppData\Local\Microsoft\WindowsApps
USERNAME=admin
OS=Windows_NT
PROCESSOR_IDENTIFIER=Intel64 Family 6 Model 142 Stepping 12, GenuineIntel
TMP=C:\Users\admin\AppData\Local\Temp
TEMP=C:\Users\admin\AppData\Local\Temp



Periodic native trim disabled

JNI global refs:
JNI global refs: 12, weak refs: 40

JNI global refs memory usage: 843, weak refs: 841

Process memory usage:
Resident Set Size: 437108K (2% of 16368112K total physical memory with 3240480K free physical memory)

OOME stack traces (most recent first):
Classloader memory used:
Loader jdk.internal.loader.ClassLoaders$AppClassLoader                                 : 6188K
Loader bootstrap                                                                       : 397K
Loader java.net.URLClassLoader                                                         : 28108B
Loader jdk.internal.reflect.DelegatingClassLoader                                      : 24592B


---------------  S Y S T E M  ---------------

OS:
 Windows 11 , 64 bit Build 26100 (10.0.26100.3775)
OS uptime: 0 days 0:35 hours
Hyper-V role detected

CPU: total 8 (initial active 8) (4 cores per cpu, 2 threads per core) family 6 model 142 stepping 12 microcode 0xfc, cx8, cmov, fxsr, ht, mmx, 3dnowpref, sse, sse2, sse3, ssse3, sse4.1, sse4.2, popcnt, lzcnt, tsc, tscinvbit, avx, avx2, aes, erms, clmul, bmi1, bmi2, adx, fma, vzeroupper, clflush, clflushopt, hv
Processor Information for all 8 processors :
  Max Mhz: 2304, Current Mhz: 1803, Mhz Limit: 1797

Memory: 4k page, system-wide physical 15984M (3164M free)
TotalPageFile size 24176M (AvailPageFile size 8725M)
current process WorkingSet (physical memory assigned to process): 427M, peak: 427M
current process commit charge ("private bytes"): 469M, peak: 469M

vm_info: OpenJDK 64-Bit Server VM (17.0.14+1-b1367.22) for windows-amd64 JRE (17.0.14+1-b1367.22), built on 2025-01-30 by "builduser" with MS VC++ 16.10 / 16.11 (VS2019)

END.
