kotlin version: 2.2.10
error message: java.lang.OutOfMemoryError: GC overhead limit exceeded
	at org.jetbrains.kotlin.com.intellij.lang.impl.PsiBuilderImpl$MyTreeStructure$2.create(PsiBuilderImpl.java:1511)
	at org.jetbrains.kotlin.com.intellij.lang.impl.PsiBuilderImpl$MyTreeStructure$2.create(PsiBuilderImpl.java:1508)
	at org.jetbrains.kotlin.com.intellij.util.containers.LimitedPool.alloc(LimitedPool.java:34)
	at org.jetbrains.kotlin.com.intellij.lang.impl.PsiBuilderImpl$MyTreeStructure.insertLeaf(PsiBuilderImpl.java:1651)
	at org.jetbrains.kotlin.com.intellij.lang.impl.PsiBuilderImpl$MyTreeStructure.insertLeaves(PsiBuilderImpl.java:1616)
	at org.jetbrains.kotlin.com.intellij.lang.impl.PsiBuilderImpl$MyTreeStructure.getChildren(PsiBuilderImpl.java:1581)
	at org.jetbrains.kotlin.com.intellij.lang.impl.PsiBuilderImpl$MyTreeStructure.getChildren(PsiBuilderImpl.java:1490)
	at org.jetbrains.kotlin.util.LightTreeUtilsKt.getChildren(LightTreeUtils.kt:14)
	at org.jetbrains.kotlin.diagnostics.LightTreePositioningStrategyKt.nonFillerLastChildOrSelf(LightTreePositioningStrategy.kt:90)
	at org.jetbrains.kotlin.diagnostics.LightTreePositioningStrategyKt.markSingleElement(LightTreePositioningStrategy.kt:67)
	at org.jetbrains.kotlin.diagnostics.LightTreePositioningStrategyKt.markRange(LightTreePositioningStrategy.kt:55)
	at org.jetbrains.kotlin.diagnostics.LightTreePositioningStrategyKt.markElement(LightTreePositioningStrategy.kt:45)
	at org.jetbrains.kotlin.diagnostics.LightTreePositioningStrategyKt.markElement$default(LightTreePositioningStrategy.kt:39)
	at org.jetbrains.kotlin.diagnostics.LightTreePositioningStrategy.mark(LightTreePositioningStrategy.kt:30)
	at org.jetbrains.kotlin.diagnostics.LightTreePositioningStrategies$FindReferencePositioningStrategy.mark(LightTreePositioningStrategies.kt:863)
	at org.jetbrains.kotlin.diagnostics.LightTreePositioningStrategies$DEPRECATION$1.mark(LightTreePositioningStrategies.kt:1400)
	at org.jetbrains.kotlin.diagnostics.LightTreePositioningStrategy.markKtDiagnostic(LightTreePositioningStrategy.kt:21)
	at org.jetbrains.kotlin.diagnostics.SourceElementPositioningStrategy.markDiagnostic(SourceElementPositioningStrategy.kt:23)
	at org.jetbrains.kotlin.diagnostics.KtDiagnostic.getTextRanges(KtDiagnostic.kt:24)
	at org.jetbrains.kotlin.cli.common.fir.FirDiagnosticsCompilerResultsReporter$InFileDiagnosticsComparator.compare(FirDiagnosticsCompilerResultsReporter.kt:144)
	at org.jetbrains.kotlin.cli.common.fir.FirDiagnosticsCompilerResultsReporter$InFileDiagnosticsComparator.compare(FirDiagnosticsCompilerResultsReporter.kt:142)
	at java.base/java.util.TimSort.countRunAndMakeAscending(Unknown Source)
	at java.base/java.util.TimSort.sort(Unknown Source)
	at java.base/java.util.Arrays.sort(Unknown Source)
	at kotlin.collections.ArraysKt___ArraysJvmKt.sortWith(_ArraysJvm.kt:2188)
	at kotlin.collections.CollectionsKt___CollectionsKt.sortedWith(_Collections.kt:1089)
	at org.jetbrains.kotlin.cli.common.fir.FirDiagnosticsCompilerResultsReporter.reportByFile(FirDiagnosticsCompilerResultsReporter.kt:74)
	at org.jetbrains.kotlin.cli.common.fir.FirDiagnosticsCompilerResultsReporter.reportToMessageCollector(FirDiagnosticsCompilerResultsReporter.kt:27)
	at org.jetbrains.kotlin.cli.pipeline.CheckCompilationErrors$CheckDiagnosticCollector.reportDiagnosticsToMessageCollector(PipelineActions.kt:39)
	at org.jetbrains.kotlin.cli.pipeline.AbstractCliPipeline.runPhasedPipeline(AbstractCliPipeline.kt:131)
	at org.jetbrains.kotlin.cli.pipeline.AbstractCliPipeline.execute(AbstractCliPipeline.kt:68)
	at org.jetbrains.kotlin.cli.jvm.K2JVMCompiler.doExecutePhased(K2JVMCompiler.kt:78)


