kotlin version: 2.2.10
error message: java.lang.OutOfMemoryError: GC overhead limit exceeded
	at java.base/java.util.ArrayList.iterator(Unknown Source)
	at org.jetbrains.kotlin.ir.declarations.IrFunction.acceptChildren(IrFunction.kt:323)
	at org.jetbrains.kotlin.ir.visitors.IrVisitorsKt.acceptChildrenVoid(IrVisitors.kt:23)
	at org.jetbrains.kotlin.backend.common.IrSymbolVisitorKt$checkUnboundSymbols$visitor$1.visitElement(IrSymbolVisitor.kt:87)
	at org.jetbrains.kotlin.ir.visitors.IrVisitorVoid.visitDeclaration(IrVisitorVoid.kt:32)
	at org.jetbrains.kotlin.ir.visitors.IrVisitorVoid.visitFunction(IrVisitorVoid.kt:72)
	at org.jetbrains.kotlin.ir.visitors.IrVisitorVoid.visitSimpleFunction(IrVisitorVoid.kt:144)
	at org.jetbrains.kotlin.ir.visitors.IrVisitorVoid.visitSimpleFunction(IrVisitorVoid.kt:140)
	at org.jetbrains.kotlin.ir.visitors.IrVisitorVoid.visitSimpleFunction(IrVisitorVoid.kt:18)
	at org.jetbrains.kotlin.ir.declarations.IrSimpleFunction.accept(IrSimpleFunction.kt:39)
	at org.jetbrains.kotlin.ir.declarations.IrClass.acceptChildren(IrClass.kt:76)
	at org.jetbrains.kotlin.ir.visitors.IrVisitorsKt.acceptChildrenVoid(IrVisitors.kt:23)
	at org.jetbrains.kotlin.backend.common.IrSymbolVisitorKt$checkUnboundSymbols$visitor$1.visitElement(IrSymbolVisitor.kt:87)
	at org.jetbrains.kotlin.ir.visitors.IrVisitorVoid.visitDeclaration(IrVisitorVoid.kt:32)
	at org.jetbrains.kotlin.ir.visitors.IrVisitorVoid.visitClass(IrVisitorVoid.kt:48)
	at org.jetbrains.kotlin.ir.visitors.IrVisitorVoid.visitClass(IrVisitorVoid.kt:44)
	at org.jetbrains.kotlin.ir.visitors.IrVisitorVoid.visitClass(IrVisitorVoid.kt:18)
	at org.jetbrains.kotlin.ir.declarations.IrClass.accept(IrClass.kt:72)
	at org.jetbrains.kotlin.ir.declarations.IrPackageFragment.acceptChildren(IrPackageFragment.kt:27)
	at org.jetbrains.kotlin.ir.visitors.IrVisitorsKt.acceptChildrenVoid(IrVisitors.kt:23)
	at org.jetbrains.kotlin.backend.common.IrSymbolVisitorKt$checkUnboundSymbols$visitor$1.visitElement(IrSymbolVisitor.kt:87)
	at org.jetbrains.kotlin.ir.visitors.IrVisitorVoid.visitPackageFragment(IrVisitorVoid.kt:168)
	at org.jetbrains.kotlin.ir.visitors.IrVisitorVoid.visitFile(IrVisitorVoid.kt:184)
	at org.jetbrains.kotlin.ir.visitors.IrVisitorVoid.visitFile(IrVisitorVoid.kt:180)
	at org.jetbrains.kotlin.ir.visitors.IrVisitorVoid.visitFile(IrVisitorVoid.kt:18)
	at org.jetbrains.kotlin.ir.declarations.IrFile.accept(IrFile.kt:27)
	at org.jetbrains.kotlin.ir.declarations.IrModuleFragment.acceptChildren(IrModuleFragment.kt:42)
	at org.jetbrains.kotlin.ir.visitors.IrVisitorsKt.acceptChildrenVoid(IrVisitors.kt:23)
	at org.jetbrains.kotlin.backend.common.IrSymbolVisitorKt$checkUnboundSymbols$visitor$1.visitElement(IrSymbolVisitor.kt:87)
	at org.jetbrains.kotlin.ir.visitors.IrVisitorVoid.visitModuleFragment(IrVisitorVoid.kt:112)
	at org.jetbrains.kotlin.ir.visitors.IrVisitorVoid.visitModuleFragment(IrVisitorVoid.kt:108)
	at org.jetbrains.kotlin.ir.visitors.IrVisitorVoid.visitModuleFragment(IrVisitorVoid.kt:18)


