kotlin version: 2.2.10
error message: java.lang.OutOfMemoryError: GC overhead limit exceeded
	at java.base/java.util.ArrayList.grow(Unknown Source)
	at java.base/java.util.ArrayList.grow(Unknown Source)
	at java.base/java.util.ArrayList.add(Unknown Source)
	at java.base/java.util.ArrayList.add(Unknown Source)
	at org.jetbrains.kotlin.fir.analysis.checkers.declaration.FirImplementationMismatchChecker.collectCallablesNamed$lambda$16(FirImplementationMismatchChecker.kt:275)
	at org.jetbrains.kotlin.fir.analysis.checkers.declaration.FirImplementationMismatchChecker$$Lambda/0x0000000100a26700.invoke(Unknown Source)
	at org.jetbrains.kotlin.fir.scopes.impl.FirScopeWithCallableCopyReturnTypeUpdater.processFunctionsByName$lambda$0(FirScopeWithCallableCopyReturnTypeUpdater.kt:35)
	at org.jetbrains.kotlin.fir.scopes.impl.FirScopeWithCallableCopyReturnTypeUpdater$$Lambda/0x000000010093ec20.invoke(Unknown Source)
	at org.jetbrains.kotlin.fir.scopes.impl.AbstractFirUseSiteMemberScope.processFunctionsByName(AbstractFirUseSiteMemberScope.kt:66)
	at org.jetbrains.kotlin.fir.scopes.impl.FirScopeWithCallableCopyReturnTypeUpdater.processFunctionsByName(FirScopeWithCallableCopyReturnTypeUpdater.kt:33)
	at org.jetbrains.kotlin.fir.analysis.checkers.declaration.FirImplementationMismatchChecker.collectCallablesNamed(FirImplementationMismatchChecker.kt:270)
	at org.jetbrains.kotlin.fir.analysis.checkers.declaration.FirImplementationMismatchChecker.checkConflictingMembers(FirImplementationMismatchChecker.kt:299)
	at org.jetbrains.kotlin.fir.analysis.checkers.declaration.FirImplementationMismatchChecker.check(FirImplementationMismatchChecker.kt:92)
	at org.jetbrains.kotlin.fir.analysis.checkers.declaration.FirImplementationMismatchChecker$Regular.check(FirImplementationMismatchChecker.kt:54)
	at org.jetbrains.kotlin.fir.analysis.checkers.declaration.FirImplementationMismatchChecker$Regular.check(FirImplementationMismatchChecker.kt:50)
	at org.jetbrains.kotlin.fir.analysis.checkers.declaration.DeclarationCheckersDiagnosticComponent.visitRegularClass(DeclarationCheckersDiagnosticComponent.kt:275)
	at org.jetbrains.kotlin.fir.analysis.checkers.declaration.DeclarationCheckersDiagnosticComponent.visitRegularClass(DeclarationCheckersDiagnosticComponent.kt:25)
	at org.jetbrains.kotlin.fir.declarations.FirRegularClass.accept(FirRegularClass.kt:49)
	at org.jetbrains.kotlin.fir.analysis.collectors.CheckerRunningDiagnosticCollectorVisitor.checkElement(CheckerRunningDiagnosticCollectorVisitor.kt:24)
	at org.jetbrains.kotlin.fir.analysis.collectors.AbstractDiagnosticCollectorVisitor.access$checkElement(AbstractDiagnosticCollectorVisitor.kt:30)
	at org.jetbrains.kotlin.fir.analysis.collectors.AbstractDiagnosticCollectorVisitor.visitRegularClass(AbstractDiagnosticCollectorVisitor.kt:608)
	at org.jetbrains.kotlin.fir.analysis.collectors.AbstractDiagnosticCollectorVisitor.visitRegularClass(AbstractDiagnosticCollectorVisitor.kt:30)
	at org.jetbrains.kotlin.fir.declarations.FirRegularClass.accept(FirRegularClass.kt:49)
	at org.jetbrains.kotlin.fir.declarations.impl.FirFileImpl.acceptChildren(FirFileImpl.kt:58)
	at org.jetbrains.kotlin.fir.analysis.collectors.AbstractDiagnosticCollectorVisitor.visitNestedElements(AbstractDiagnosticCollectorVisitor.kt:38)
	at org.jetbrains.kotlin.fir.analysis.collectors.AbstractDiagnosticCollectorVisitor.visitFile(AbstractDiagnosticCollectorVisitor.kt:1293)
	at org.jetbrains.kotlin.fir.analysis.collectors.AbstractDiagnosticCollectorVisitor.visitFile(AbstractDiagnosticCollectorVisitor.kt:30)
	at org.jetbrains.kotlin.fir.declarations.FirFile.accept(FirFile.kt:43)
	at org.jetbrains.kotlin.fir.analysis.collectors.AbstractDiagnosticCollector.collectDiagnostics(AbstractDiagnosticCollector.kt:36)
	at org.jetbrains.kotlin.fir.pipeline.AnalyseKt.runCheckers(analyse.kt:37)
	at org.jetbrains.kotlin.fir.pipeline.ConvertToIrKt.runPlatformCheckers(convertToIr.kt:69)
	at org.jetbrains.kotlin.cli.pipeline.jvm.JvmFrontendPipelinePhase.executePhase(JvmFrontendPipelinePhase.kt:176)


