kotlin version: 2.2.10
error message: java.lang.OutOfMemoryError: GC overhead limit exceeded
	at java.base/java.util.Arrays.copyOfRange(Arrays.java:3822)
	at java.base/java.lang.StringLatin1.newString(StringLatin1.java:769)
	at java.base/java.lang.StringBuilder.toString(StringBuilder.java:453)
	at org.jetbrains.kotlin.utils.Printer.toString(Printer.kt:137)
	at org.jetbrains.kotlin.fir.renderer.FirPrinter.toString(FirPrinter.kt:71)
	at org.jetbrains.kotlin.fir.renderer.FirRenderer.renderElementAsString(FirRenderer.kt:122)
	at org.jetbrains.kotlin.fir.analysis.diagnostics.FirDiagnosticRenderers.SYMBOL$lambda$1(FirDiagnosticRenderers.kt:55)
	at org.jetbrains.kotlin.fir.analysis.diagnostics.FirDiagnosticRenderers$$Lambda$1220/0x0000012681836cd8.invoke(Unknown Source)
	at org.jetbrains.kotlin.diagnostics.rendering.DiagnosticParameterRendererKt$Renderer$1.render(DiagnosticParameterRenderer.kt:30)
	at org.jetbrains.kotlin.diagnostics.rendering.ContextIndependentParameterRenderer.render(DiagnosticParameterRenderer.kt:24)
	at org.jetbrains.kotlin.diagnostics.rendering.DiagnosticParameterRendererKt.renderParameter(DiagnosticParameterRenderer.kt:38)
	at org.jetbrains.kotlin.diagnostics.KtDiagnosticWithParameters2Renderer.renderParameters(KtDiagnosticRenderer.kt:64)
	at org.jetbrains.kotlin.diagnostics.AbstractKtDiagnosticWithParametersRenderer.render(KtDiagnosticRenderer.kt:38)
	at org.jetbrains.kotlin.cli.common.fir.FirDiagnosticsCompilerResultsReporter.reportDiagnosticToMessageCollector(FirDiagnosticsCompilerResultsReporter.kt:120)
	at org.jetbrains.kotlin.cli.common.fir.FirDiagnosticsCompilerResultsReporter.reportToMessageCollector$lambda$0(FirDiagnosticsCompilerResultsReporter.kt:28)
	at org.jetbrains.kotlin.cli.common.fir.FirDiagnosticsCompilerResultsReporter$$Lambda$2010/0x0000012681ade2f8.invoke(Unknown Source)
	at org.jetbrains.kotlin.cli.common.fir.FirDiagnosticsCompilerResultsReporter.reportByFile(FirDiagnosticsCompilerResultsReporter.kt:98)
	at org.jetbrains.kotlin.cli.common.fir.FirDiagnosticsCompilerResultsReporter.reportToMessageCollector(FirDiagnosticsCompilerResultsReporter.kt:27)
	at org.jetbrains.kotlin.cli.pipeline.CheckCompilationErrors$CheckDiagnosticCollector.reportDiagnosticsToMessageCollector(PipelineActions.kt:39)
	at org.jetbrains.kotlin.cli.pipeline.AbstractCliPipeline.runPhasedPipeline(AbstractCliPipeline.kt:131)
	at org.jetbrains.kotlin.cli.pipeline.AbstractCliPipeline.execute(AbstractCliPipeline.kt:68)
	at org.jetbrains.kotlin.cli.jvm.K2JVMCompiler.doExecutePhased(K2JVMCompiler.kt:78)
	at org.jetbrains.kotlin.cli.jvm.K2JVMCompiler.doExecutePhased(K2JVMCompiler.kt:44)
	at org.jetbrains.kotlin.cli.common.CLICompiler.execImpl(CLICompiler.kt:90)
	at org.jetbrains.kotlin.cli.common.CLICompiler.exec(CLICompiler.kt:352)
	at org.jetbrains.kotlin.incremental.IncrementalJvmCompilerRunnerBase.runCompiler(IncrementalJvmCompilerRunnerBase.kt:175)
	at org.jetbrains.kotlin.incremental.IncrementalJvmCompilerRunnerBase.runCompiler(IncrementalJvmCompilerRunnerBase.kt:38)
	at org.jetbrains.kotlin.incremental.IncrementalCompilerRunner.doCompile(IncrementalCompilerRunner.kt:504)
	at org.jetbrains.kotlin.incremental.IncrementalCompilerRunner.compileImpl(IncrementalCompilerRunner.kt:421)
	at org.jetbrains.kotlin.incremental.IncrementalCompilerRunner.compileNonIncrementally(IncrementalCompilerRunner.kt:306)
	at org.jetbrains.kotlin.incremental.IncrementalCompilerRunner.compile(IncrementalCompilerRunner.kt:133)
	at org.jetbrains.kotlin.daemon.CompileServiceImplBase.execIncrementalCompiler(CompileServiceImpl.kt:679)


