kotlin version: 2.2.10
error message: java.lang.OutOfMemoryError: GC overhead limit exceeded
	at org.jetbrains.kotlin.diagnostics.LightTreePositioningStrategyKt.markSingleElement(LightTreePositioningStrategy.kt:70)
	at org.jetbrains.kotlin.diagnostics.LightTreePositioningStrategyKt.markRange(LightTreePositioningStrategy.kt:55)
	at org.jetbrains.kotlin.diagnostics.LightTreePositioningStrategies$OPERATION_TO_END$1.mark(LightTreePositioningStrategies.kt:968)
	at org.jetbrains.kotlin.diagnostics.LightTreePositioningStrategy.markKtDiagnostic(LightTreePositioningStrategy.kt:21)
	at org.jetbrains.kotlin.diagnostics.SourceElementPositioningStrategy.markDiagnostic(SourceElementPositioningStrategy.kt:23)
	at org.jetbrains.kotlin.diagnostics.KtDiagnostic.getTextRanges(KtDiagnostic.kt:24)
	at org.jetbrains.kotlin.cli.common.fir.FirDiagnosticsCompilerResultsReporter$InFileDiagnosticsComparator.compare(FirDiagnosticsCompilerResultsReporter.kt:145)
	at org.jetbrains.kotlin.cli.common.fir.FirDiagnosticsCompilerResultsReporter$InFileDiagnosticsComparator.compare(FirDiagnosticsCompilerResultsReporter.kt:142)
	at java.base/java.util.TimSort.countRunAndMakeAscending(TimSort.java:355)
	at java.base/java.util.TimSort.sort(TimSort.java:220)
	at java.base/java.util.Arrays.sort(Arrays.java:1233)
	at kotlin.collections.ArraysKt___ArraysJvmKt.sortWith(_ArraysJvm.kt:2188)
	at kotlin.collections.CollectionsKt___CollectionsKt.sortedWith(_Collections.kt:1089)
	at org.jetbrains.kotlin.cli.common.fir.FirDiagnosticsCompilerResultsReporter.reportByFile(FirDiagnosticsCompilerResultsReporter.kt:74)
	at org.jetbrains.kotlin.cli.common.fir.FirDiagnosticsCompilerResultsReporter.reportToMessageCollector(FirDiagnosticsCompilerResultsReporter.kt:27)
	at org.jetbrains.kotlin.cli.pipeline.CheckCompilationErrors$CheckDiagnosticCollector.reportDiagnosticsToMessageCollector(PipelineActions.kt:39)
	at org.jetbrains.kotlin.cli.pipeline.AbstractCliPipeline.runPhasedPipeline(AbstractCliPipeline.kt:131)
	at org.jetbrains.kotlin.cli.pipeline.AbstractCliPipeline.execute(AbstractCliPipeline.kt:68)
	at org.jetbrains.kotlin.cli.jvm.K2JVMCompiler.doExecutePhased(K2JVMCompiler.kt:78)
	at org.jetbrains.kotlin.cli.jvm.K2JVMCompiler.doExecutePhased(K2JVMCompiler.kt:44)
	at org.jetbrains.kotlin.cli.common.CLICompiler.execImpl(CLICompiler.kt:90)
	at org.jetbrains.kotlin.cli.common.CLICompiler.exec(CLICompiler.kt:352)
	at org.jetbrains.kotlin.incremental.IncrementalJvmCompilerRunnerBase.runCompiler(IncrementalJvmCompilerRunnerBase.kt:175)
	at org.jetbrains.kotlin.incremental.IncrementalJvmCompilerRunnerBase.runCompiler(IncrementalJvmCompilerRunnerBase.kt:38)
	at org.jetbrains.kotlin.incremental.IncrementalCompilerRunner.doCompile(IncrementalCompilerRunner.kt:504)
	at org.jetbrains.kotlin.incremental.IncrementalCompilerRunner.compileImpl(IncrementalCompilerRunner.kt:421)
	at org.jetbrains.kotlin.incremental.IncrementalCompilerRunner.compileNonIncrementally(IncrementalCompilerRunner.kt:306)
	at org.jetbrains.kotlin.incremental.IncrementalCompilerRunner.compile(IncrementalCompilerRunner.kt:133)
	at org.jetbrains.kotlin.daemon.CompileServiceImplBase.execIncrementalCompiler(CompileServiceImpl.kt:679)
	at org.jetbrains.kotlin.daemon.CompileServiceImplBase.access$execIncrementalCompiler(CompileServiceImpl.kt:93)
	at org.jetbrains.kotlin.daemon.CompileServiceImpl.compile(CompileServiceImpl.kt:1806)
	at java.base/jdk.internal.reflect.NativeMethodAccessorImpl.invoke0(Native Method)


