kotlin version: 2.2.10
error message: java.lang.OutOfMemoryError: GC overhead limit exceeded
	at org.jetbrains.kotlin.metadata.jvm.JvmProtoBuf$JvmMethodSignature$Builder.create(JvmProtoBuf.java:2391)
	at org.jetbrains.kotlin.metadata.jvm.JvmProtoBuf$JvmMethodSignature$Builder.access$1800(JvmProtoBuf.java:2377)
	at org.jetbrains.kotlin.metadata.jvm.JvmProtoBuf$JvmMethodSignature.newBuilder(JvmProtoBuf.java:2367)
	at org.jetbrains.kotlin.codegen.serialization.JvmSignatureSerializer.methodSignature(JvmSignatureSerializer.kt:15)
	at org.jetbrains.kotlin.fir.backend.jvm.FirJvmSerializerExtension.serializeProperty(FirJvmSerializerExtension.kt:308)
	at org.jetbrains.kotlin.fir.serialization.FirElementSerializer.propertyProto(FirElementSerializer.kt:708)
	at org.jetbrains.kotlin.fir.serialization.FirElementSerializer.classProtoImpl(FirElementSerializer.kt:267)
	at org.jetbrains.kotlin.fir.serialization.FirElementSerializer.access$classProtoImpl(FirElementSerializer.kt:77)
	at org.jetbrains.kotlin.fir.serialization.FirElementSerializer.classProto(FirElementSerializer.kt:177)
	at org.jetbrains.kotlin.fir.backend.jvm.FirMetadataSerializer.serialize(FirMetadataSerializer.kt:130)
	at org.jetbrains.kotlin.backend.jvm.codegen.ClassCodegen.generateKotlinMetadataAnnotation$lambda$16(ClassCodegen.kt:325)
	at org.jetbrains.kotlin.backend.jvm.codegen.ClassCodegen$$Lambda/0x0000000100c043e0.invoke(Unknown Source)
	at org.jetbrains.kotlin.codegen.WriteAnnotationUtilKt.writeKotlinMetadata(writeAnnotationUtil.kt:53)
	at org.jetbrains.kotlin.backend.jvm.codegen.ClassCodegen.generateKotlinMetadataAnnotation(ClassCodegen.kt:318)
	at org.jetbrains.kotlin.backend.jvm.codegen.ClassCodegen.generateAnnotations(ClassCodegen.kt:271)
	at org.jetbrains.kotlin.backend.jvm.codegen.ClassCodegen.generate(ClassCodegen.kt:181)
	at org.jetbrains.kotlin.backend.jvm.JvmIrCodegenFactory.generateFile(JvmIrCodegenFactory.kt:419)
	at org.jetbrains.kotlin.backend.jvm.JvmIrCodegenFactory.invokeCodegen(JvmIrCodegenFactory.kt:388)
	at org.jetbrains.kotlin.cli.jvm.compiler.KotlinToJVMBytecodeCompiler.runCodegen$cli(KotlinToJVMBytecodeCompiler.kt:431)
	at org.jetbrains.kotlin.cli.pipeline.jvm.JvmBackendPipelinePhase.executePhase(JvmBackendPipelinePhase.kt:95)
	at org.jetbrains.kotlin.cli.pipeline.jvm.JvmBackendPipelinePhase.executePhase(JvmBackendPipelinePhase.kt:36)
	at org.jetbrains.kotlin.cli.pipeline.jvm.JvmBackendPipelinePhase.executePhase(JvmBackendPipelinePhase.kt:29)
	at org.jetbrains.kotlin.cli.pipeline.PipelinePhase.phaseBody(PipelinePhase.kt:68)
	at org.jetbrains.kotlin.cli.pipeline.PipelinePhase.phaseBody(PipelinePhase.kt:58)
	at org.jetbrains.kotlin.config.phaser.NamedCompilerPhase.invoke(CompilerPhase.kt:102)
	at org.jetbrains.kotlin.backend.common.phaser.CompositePhase.invoke(PhaseBuilders.kt:22)
	at org.jetbrains.kotlin.config.phaser.CompilerPhaseKt.invokeToplevel(CompilerPhase.kt:53)
	at org.jetbrains.kotlin.cli.pipeline.AbstractCliPipeline.runPhasedPipeline(AbstractCliPipeline.kt:109)
	at org.jetbrains.kotlin.cli.pipeline.AbstractCliPipeline.execute(AbstractCliPipeline.kt:68)
	at org.jetbrains.kotlin.cli.jvm.K2JVMCompiler.doExecutePhased(K2JVMCompiler.kt:78)
	at org.jetbrains.kotlin.cli.jvm.K2JVMCompiler.doExecutePhased(K2JVMCompiler.kt:44)
	at org.jetbrains.kotlin.cli.common.CLICompiler.execImpl(CLICompiler.kt:90)


